[2026-04-02T00:30:33.474Z] GET https://www.jiliguala.com/ → pending (?ms, ?B)
[2026-04-02T00:30:34.176Z] GET https://www.jiliguala.com/assets/index-632519e5.js → 200 (175ms, 100683B)
[2026-04-02T00:30:34.176Z] GET https://www.jiliguala.com/assets/index-d20c46e4.css → 200 (289ms, 200860B)
[2026-04-02T00:30:34.176Z] GET https://www.jiliguala.com/assets/MainLayout-a9687004.js → 200 (314ms, 88585B)
[2026-04-02T00:30:34.180Z] GET https://www.jiliguala.com/assets/index-dae50b2c.js → 200 (270ms, 345B)
[2026-04-02T00:30:34.180Z] GET https://www.jiliguala.com/assets/_plugin-vue_export-helper-c27b6911.js → 200 (348ms, 91B)
[2026-04-02T00:30:34.180Z] GET https://www.jiliguala.com/assets/MainLayout-d0f93e44.css → 200 (242ms, 6690B)
[2026-04-02T00:30:34.180Z] GET https://www.jiliguala.com/assets/index-df5592af.js → 200 (464ms, 75731B)
[2026-04-02T00:30:34.180Z] GET https://www.jiliguala.com/assets/footer-6ec63e2d.js → 200 (393ms, 10361B)
[2026-04-02T00:30:34.180Z] GET https://www.jiliguala.com/assets/footer-1499c014.css → 200 (249ms, 2998B)
[2026-04-02T00:30:34.180Z] GET https://www.jiliguala.com/assets/index-6e3db525.css → 200 (280ms, 55507B)
[2026-04-02T00:30:34.180Z] GET https://www.jiliguala.com/assets/section1-titlebox-cdd9e45f.png → 200 (396ms, 60048B)
[2026-04-02T00:30:34.180Z] GET https://www.jiliguala.com/assets/section1-action-btn-c4445d92.png → 200 (415ms, 37183B)
[2026-04-02T00:30:34.180Z] GET https://qiniucdn.jiliguala.com/ram/notifaction_picture/da4137bb-dad1-4bd7-8585-8ad85dd028d8_20250328131501.png → pending (?ms, ?B)
[2026-04-02T00:30:34.180Z] GET https://qiniucdn.jiliguala.com/ram/notifaction_picture/965a1e95-ac11-440f-a9ae-2aa983fc2387_20250328130904.svg → 200 (426ms, 11016B)
[2026-04-02T00:30:34.180Z] GET https://www.jiliguala.com/assets/product1-bg2-1-0ee1a2d6.png → 200 (461ms, 15855B)
[2026-04-02T00:30:34.180Z] GET https://www.jiliguala.com/assets/product1-img-30aabf13.png → 200 (495ms, ?B)
[2026-04-02T00:30:34.180Z] GET https://www.jiliguala.com/assets/product1-symbol@2x-b494a997.png → pending (?ms, ?B)
[2026-04-02T00:30:34.180Z] GET https://qiniucdn.jiliguala.com/ram/notifaction_picture/344e49b6-f8bd-4e1f-abb2-280129c31cf9_20250328135008.svg → pending (?ms, ?B)
[2026-04-02T00:30:34.180Z] GET https://qiniucdn.jiliguala.com/ram/notifaction_picture/e7485319-7e13-4c57-9502-cf6cbf3445ff_20250328173421.svg → 200 (459ms, 577B)
[2026-04-02T00:30:34.180Z] GET https://www.jiliguala.com/assets/productbg3-e734d055.png → pending (?ms, ?B)
[2026-04-02T00:30:34.180Z] GET https://www.jiliguala.com/assets/productbg1-eebc4fed.png → pending (?ms, ?B)
[2026-04-02T00:30:34.180Z] GET https://www.jiliguala.com/assets/productbg2-8e539933.png → pending (?ms, ?B)
[2026-04-02T00:30:34.180Z] GET https://www.jiliguala.com/assets/product1-ipguagua-9f78acbd.png → pending (?ms, ?B)
[2026-04-02T00:30:34.180Z] GET https://qiniucdn.jiliguala.com/ram/notifaction_picture/0792c8dd-2048-4fd3-a8e0-19d495773b67_20250328135357.svg → pending (?ms, ?B)
[2026-04-02T00:30:34.180Z] GET https://www.jiliguala.com/assets/product2-symbol@2x-96779d6f.png → pending (?ms, ?B)
[2026-04-02T00:30:34.180Z] GET https://qiniucdn.jiliguala.com/ram/notifaction_picture/d5590e0b-c386-4caa-85a7-1ac7cef57ccd_20250328181311.png → 200 (459ms, ?B)
[2026-04-02T00:30:34.181Z] GET https://www.jiliguala.com/assets/product-symbol@2x-978ffacc.png → pending (?ms, ?B)
[2026-04-02T00:30:34.181Z] GET https://www.jiliguala.com/assets/vector-1528-8d50126d.png → pending (?ms, ?B)
[2026-04-02T00:30:34.181Z] GET https://www.jiliguala.com/assets/usermobiel-1-bdff1fd6.png → pending (?ms, ?B)
[2026-04-02T00:30:34.181Z] GET https://www.jiliguala.com/assets/section4-ip1-e26d2ed7.png → pending (?ms, ?B)
[2026-04-02T00:30:34.181Z] GET https://qiniucdn.jiliguala.com/ram/notifaction_picture/c17dda89-56e6-4b4d-8127-a175e2916f04_20250328151919.png → pending (?ms, ?B)
[2026-04-02T00:30:34.181Z] GET https://qiniucdn.jiliguala.com/ram/notifaction_picture/4229f55a-2d09-4c4c-ba39-096351a91ce2_20250328152016.png → pending (?ms, ?B)
[2026-04-02T00:30:34.181Z] GET https://qiniucdn.jiliguala.com/ram/notifaction_picture/3fa88b06-f062-457c-9421-1094729ec0b0_20250328163624.png → pending (?ms, ?B)
[2026-04-02T00:30:34.181Z] GET https://qiniucdn.jiliguala.com/ram/notifaction_picture/d8343a23-0cdd-43a0-bcb0-40b4752f9966_20250328110658.png → pending (?ms, ?B)
[2026-04-02T00:30:34.181Z] GET https://qiniucdn.jiliguala.com/ram/notifaction_picture/6d853475-066f-43ba-ba1c-f18a821660d0_20250328110802.png → pending (?ms, ?B)
[2026-04-02T00:30:34.181Z] GET https://qiniucdn.jiliguala.com/ram/notifaction_picture/77809990-ea59-4c0d-b0b8-1671505d7b28_20250328111345.png → pending (?ms, ?B)
[2026-04-02T00:30:34.181Z] GET https://qiniucdn.jiliguala.com/ram/notifaction_picture/abc8f8c2-62a3-4a5b-a389-41c1689b604f_20250328111929.png → pending (?ms, ?B)
[2026-04-02T00:30:34.181Z] GET https://www.jiliguala.com/assets/logo-ng-b9532585.png → pending (?ms, ?B)
[2026-04-02T00:30:34.181Z] GET https://www.jiliguala.com/assets/logo-prh-bc1c6d8a.png → pending (?ms, ?B)
[2026-04-02T00:30:34.181Z] GET https://www.jiliguala.com/assets/logo-collins-1-56bbd6b3.png → pending (?ms, ?B)
[2026-04-02T00:30:34.181Z] GET https://www.jiliguala.com/assets/logo-scholastic-2c01030c.png → pending (?ms, ?B)
[2026-04-02T00:30:34.181Z] GET https://www.jiliguala.com/assets/content-tiny-53492678.png → pending (?ms, ?B)
[2026-04-02T00:30:34.181Z] GET https://qiniucdn.jiliguala.com/ram/notifaction_picture/7e52e89a-5646-4ebe-b7a1-f46089c605b6_20250328155712.svg → pending (?ms, ?B)
[2026-04-02T00:30:34.181Z] GET https://qiniucdn.jiliguala.com/ram/notifaction_picture/b74c1823-2b92-46e4-8b5e-cc19fbdb2561_20250328182942.jpg → pending (?ms, ?B)
[2026-04-02T00:30:34.181Z] GET https://qiniucdn.jiliguala.com/ram/notifaction_picture/990c75b5-8dbb-4ad8-8e8b-b0c55d00c984_20250328165610.png → pending (?ms, ?B)
[2026-04-02T00:30:34.181Z] GET https://qiniucdn.jiliguala.com/ram/notifaction_picture/28ed6740-724d-4113-9584-fee0a75ceac9_20250328112644.svg → pending (?ms, ?B)
[2026-04-02T00:30:34.181Z] GET https://qiniucdn.jiliguala.com/ram/notifaction_picture/9fd0b131-9fdb-4105-88ea-20e57e4cf257_20250328165255.png → pending (?ms, ?B)
[2026-04-02T00:30:34.181Z] GET https://qiniucdn.jiliguala.com/ram/notifaction_picture/b223dd7a-5429-48c1-98e9-b0be63bffc67_20250328112738.svg → pending (?ms, ?B)
[2026-04-02T00:30:34.181Z] GET https://qiniucdn.jiliguala.com/ram/notifaction_picture/5aea41ea-7c67-4604-b7b0-de7a510e60ce_20250328165451.png → pending (?ms, ?B)
[2026-04-02T00:30:34.181Z] GET https://qiniucdn.jiliguala.com/ram/notifaction_picture/65fbdc2d-18bd-43a8-912c-8f43228ed9b3_20250328112810.svg → pending (?ms, ?B)
[2026-04-02T00:30:34.181Z] GET https://www.jiliguala.com/assets/section1-bgbottom-1-f89f9408.png → pending (?ms, ?B)
[2026-04-02T00:30:34.181Z] GET https://www.jiliguala.com/assets/section1-titlebox-1-58ab6855.png → pending (?ms, ?B)
[2026-04-02T00:30:34.181Z] GET https://qiniucdn.jiliguala.com/ram/notifaction_picture/7f2c998a-ebbb-464f-ab6b-8bbac22968ac_20250328131941.png → pending (?ms, ?B)
[2026-04-02T00:30:34.181Z] GET https://www.jiliguala.com/assets/section1-action-btn-1@2x-9e012c9f.png → pending (?ms, ?B)
[2026-04-02T00:30:34.181Z] GET https://www.jiliguala.com/assets/product1-bg1-3-24ae6f6d.png → pending (?ms, ?B)
[2026-04-02T00:30:34.181Z] GET https://www.jiliguala.com/assets/product1-symbol-1@2x-73337ee5.png → pending (?ms, ?B)
[2026-04-02T00:30:34.181Z] GET https://qiniucdn.jiliguala.com/ram/notifaction_picture/6a144fc7-d11a-43eb-abb1-e91a48036199_20250328150400.svg → pending (?ms, ?B)
[2026-04-02T00:30:34.182Z] GET https://www.jiliguala.com/assets/product2-symbol-1@2x-d20c0fc0.png → pending (?ms, ?B)
[2026-04-02T00:30:34.182Z] GET https://www.jiliguala.com/assets/product-bg2-1-eef6c548.png → pending (?ms, ?B)
[2026-04-02T00:30:34.182Z] GET https://qiniucdn.jiliguala.com/ram/notifaction_picture/0553cfb4-9ecf-46d7-9d87-08863a3c9fb6_20250328170848.svg → pending (?ms, ?B)
[2026-04-02T00:30:34.182Z] GET https://www.jiliguala.com/assets/product-symbol-1@2x-498b3ffb.png → pending (?ms, ?B)
[2026-04-02T00:30:34.182Z] GET https://www.jiliguala.com/assets/vector-1528-1-91bda068.png → pending (?ms, ?B)
[2026-04-02T00:30:34.182Z] GET https://www.jiliguala.com/assets/user1-1-db233133.png → pending (?ms, ?B)
[2026-04-02T00:30:34.221Z] GET https://www.jiliguala.com/assets/user1-2-3922d95b.png → pending (?ms, ?B)
[2026-04-02T00:30:34.221Z] GET https://www.jiliguala.com/assets/user1-3-201cf1f3.png → pending (?ms, ?B)
[2026-04-02T00:30:34.221Z] GET https://www.jiliguala.com/assets/user1-4-f9c40095.png → pending (?ms, ?B)
[2026-04-02T00:30:34.221Z] GET https://www.jiliguala.com/assets/section4-ip1-1-848e7f33.png → pending (?ms, ?B)
[2026-04-02T00:30:34.221Z] GET https://www.jiliguala.com/assets/section5-bgmobile-a27a02a0.png → pending (?ms, ?B)
[2026-04-02T00:30:34.221Z] GET https://qiniucdn.jiliguala.com/ram/notifaction_picture/b61898c4-9822-4b7e-8163-63a95f787f7b_20250328152120.png → pending (?ms, ?B)
[2026-04-02T00:30:34.221Z] GET https://www.jiliguala.com/assets/section6-bg-1-d7a5fc56.png → pending (?ms, ?B)
[2026-04-02T00:30:34.221Z] GET https://www.jiliguala.com/assets/logo-ng-1-3d184120.png → pending (?ms, ?B)
[2026-04-02T00:30:34.221Z] GET https://www.jiliguala.com/assets/logo-prh-1-123151bd.png → pending (?ms, ?B)
[2026-04-02T00:30:34.221Z] GET https://www.jiliguala.com/assets/logo-scholastic-1-44f0ece8.png → pending (?ms, ?B)
[2026-04-02T00:30:34.422Z] GET https://cdnjs.cloudflare.com/ajax/libs/meyer-reset/2.0/reset.min.css → pending (?ms, ?B)
[2026-04-02T00:30:35.117Z] GET https://www.jiliguala.com/assets/section-1-bg1-1-14c3ee2d.png → 200 (156ms, 27408B)
[2026-04-02T00:30:35.730Z] GET https://www.palfish.com/ → pending (?ms, ?B)
[2026-04-02T00:30:36.915Z] GET https://jps04.cdnpalfish.com/i18n-ipalfish-org/static/css/chunk-vendors.568ad9b8.css → pending (?ms, ?B)
[2026-04-02T00:30:36.915Z] GET https://jps04.cdnpalfish.com/i18n-ipalfish-org/static/css/ipalfishorg.368d6871.css → pending (?ms, ?B)
[2026-04-02T00:30:36.915Z] GET https://jps04.cdnpalfish.com/i18n-ipalfish-org/static/js/chunk-vendors.108af88f.js → pending (?ms, ?B)
[2026-04-02T00:30:36.915Z] GET https://jps04.cdnpalfish.com/i18n-ipalfish-org/static/js/chunk-common.ed4964a5.js → pending (?ms, ?B)
[2026-04-02T00:30:36.915Z] GET https://jps04.cdnpalfish.com/i18n-ipalfish-org/static/js/ipalfishorg.b82a9d37.js → pending (?ms, ?B)
[2026-04-02T00:30:38.333Z] POST https://sentrynew.pri.ibanyu.com/api/419/envelope/?sentry_key=2881840a15944cd18cd793dec3cc9670&sentry_version=7 → 200 (324ms, 2B)
[2026-04-02T00:30:38.333Z] GET https://jps04.cdnpalfish.com/i18n-ipalfish-org/static/css/chunk-746f6149.e4427012.css → 200 (107ms, 313B)
[2026-04-02T00:30:38.333Z] GET https://jps04.cdnpalfish.com/i18n-ipalfish-org/static/js/chunk-746f6149.7b189d38.js → 200 (207ms, 100B)
[2026-04-02T00:30:38.425Z] GET https://jps04.cdnpalfish.com/i18n-ipalfish-org/static/img/logo_ten.edef4b1a.png → 200 (133ms, 8464B)
[2026-04-02T00:30:38.425Z] GET https://jps04.cdnpalfish.com/i18n-ipalfish-org/static/img/section4-bg.3298b32f.png → 200 (114ms, 197673B)
[2026-04-02T00:30:38.425Z] GET https://jps04.cdnpalfish.com/i18n-ipalfish-org/static/img/section6-bg.d89baf90.png → 200 (192ms, 12177B)
[2026-04-02T00:30:38.428Z] GET https://jps04.cdnpalfish.com/i18n-ipalfish-org/static/img/top-english-mobile.083a8ad8.png → 200 (190ms, 7061B)
[2026-04-02T00:30:38.428Z] GET https://jps04.cdnpalfish.com/i18n-ipalfish-org/static/img/top-class-mobile.22eabf4b.png → 200 (213ms, 7365B)
[2026-04-02T00:30:38.428Z] GET https://jps04.cdnpalfish.com/i18n-ipalfish-org/static/img/top-palfish-read-mobile.469df386.png → 200 (209ms, 9360B)
[2026-04-02T00:30:38.428Z] GET https://jps04.cdnpalfish.com/i18n-ipalfish-org/static/img/top-touch-mobile.0f8aad64.png → pending (?ms, ?B)
[2026-04-02T00:30:38.428Z] GET https://jps04.cdnpalfish.com/i18n-ipalfish-org/static/img/top-read-mobile.e7bdb43d.png → pending (?ms, ?B)
[2026-04-02T00:30:38.428Z] GET https://jps04.cdnpalfish.com/i18n-ipalfish-org/static/img/top-lamp-mobile.2506c64b.png → 200 (219ms, 6071B)
[2026-04-02T00:30:38.428Z] GET https://jps04.cdnpalfish.com/i18n-ipalfish-org/static/img/banner-ball.e91041ce.png → 200 (230ms, 103857B)
[2026-04-02T00:30:38.428Z] GET https://jps04.cdnpalfish.com/i18n-ipalfish-org/static/img/girl.0b86b338.png → pending (?ms, ?B)
[2026-04-02T00:30:38.428Z] GET https://jps04.cdnpalfish.com/i18n-ipalfish-org/static/img/section1-1-1.7c0d9664.png → 200 (300ms, ?B)
[2026-04-02T00:30:38.428Z] GET https://jps04.cdnpalfish.com/i18n-ipalfish-org/static/img/section1-1-2.0b35d924.png → pending (?ms, ?B)
[2026-04-02T00:30:38.428Z] GET https://jps04.cdnpalfish.com/i18n-ipalfish-org/static/img/daily-reading.718410d1.gif → pending (?ms, ?B)
[2026-04-02T00:30:38.428Z] GET https://jps04.cdnpalfish.com/i18n-ipalfish-org/static/img/section1-2-2.5430126d.png → pending (?ms, ?B)
[2026-04-02T00:30:38.428Z] GET https://jps04.cdnpalfish.com/i18n-ipalfish-org/static/img/section1-2-1.3640ae00.png → pending (?ms, ?B)
[2026-04-02T00:30:38.428Z] GET https://jps04.cdnpalfish.com/i18n-ipalfish-org/static/img/home-gif-1.6b668bb4.gif → pending (?ms, ?B)
[2026-04-02T00:30:38.428Z] GET https://jps04.cdnpalfish.com/i18n-ipalfish-org/static/img/home-gif-2.338d0471.gif → pending (?ms, ?B)
[2026-04-02T00:30:38.428Z] GET https://jps04.cdnpalfish.com/i18n-ipalfish-org/static/img/section1-3-1.c746ad1f.png → pending (?ms, ?B)
[2026-04-02T00:30:38.428Z] GET https://jps04.cdnpalfish.com/i18n-ipalfish-org/static/img/section1-3-2.8741998b.png → pending (?ms, ?B)
[2026-04-02T00:30:38.428Z] GET https://jps04.cdnpalfish.com/i18n-ipalfish-org/static/img/section1-3-3.0d1c82f0.png → pending (?ms, ?B)
[2026-04-02T00:30:38.428Z] GET https://jps04.cdnpalfish.com/i18n-ipalfish-org/static/img/section1-3-4.373422e4.png → pending (?ms, ?B)
[2026-04-02T00:30:38.428Z] GET https://jps04.cdnpalfish.com/i18n-ipalfish-org/static/img/section2-lamp.4fba8b89.png → pending (?ms, ?B)
[2026-04-02T00:30:38.428Z] GET https://jps04.cdnpalfish.com/i18n-ipalfish-org/static/img/section2-lamp-mobile.05550c26.png → pending (?ms, ?B)
[2026-04-02T00:30:38.428Z] GET https://jps04.cdnpalfish.com/i18n-ipalfish-org/static/img/section3-1.92d556d3.png → pending (?ms, ?B)
[2026-04-02T00:30:38.429Z] GET https://jps04.cdnpalfish.com/i18n-ipalfish-org/static/img/section3-2.df57f602.png → pending (?ms, ?B)
[2026-04-02T00:30:38.429Z] GET https://jps04.cdnpalfish.com/i18n-ipalfish-org/static/img/section3-3.5520e2c0.png → pending (?ms, ?B)
[2026-04-02T00:30:38.429Z] GET https://jps04.cdnpalfish.com/i18n-ipalfish-org/static/img/news18-1.b74fcbd7.png → pending (?ms, ?B)
[2026-04-02T00:30:38.429Z] GET https://jps04.cdnpalfish.com/i18n-ipalfish-org/static/img/news17-1.fe6272b4.png → pending (?ms, ?B)
[2026-04-02T00:30:38.429Z] GET https://jps04.cdnpalfish.com/i18n-ipalfish-org/static/img/news16-1.1c24ea7f.jpeg → pending (?ms, ?B)
[2026-04-02T00:30:38.429Z] POST https://www.ipalfish.com/klian/report/realtime/log/data → pending (?ms, ?B)
[2026-04-02T00:30:38.539Z] GET https://jps04.cdnpalfish.com/i18n-ipalfish-org/static/fonts/gotham_round_medium.6f2549bf.ttf → pending (?ms, ?B)
[2026-04-02T00:30:38.539Z] GET https://jps04.cdnpalfish.com/i18n-ipalfish-org/static/fonts/gotham_round_bold.500ba530.ttf → pending (?ms, ?B)
[2026-04-02T00:30:43.449Z] GET https://jps04.cdnpalfish.com/i18n-ipalfish-org/static/img/section4-bg-1.626edfcc.png → pending (?ms, ?B)
[2026-04-02T00:30:43.449Z] GET https://jps04.cdnpalfish.com/i18n-ipalfish-org/static/img/section6-bg-1.c40e277b.png → pending (?ms, ?B)
[2026-04-02T00:30:57.944Z] GET https://www.jiliguala.com/ → 200 (2ms, 103614B)
[2026-04-02T00:30:58.003Z] GET https://www.jiliguala.com/assets/index-632519e5.js → 200 (21ms, 100683B)
[2026-04-02T00:30:58.003Z] GET https://www.jiliguala.com/assets/index-d20c46e4.css → 200 (9ms, 200860B)
[2026-04-02T00:30:58.003Z] GET https://www.jiliguala.com/assets/MainLayout-a9687004.js → 200 (22ms, 88585B)
[2026-04-02T00:30:58.003Z] GET https://www.jiliguala.com/assets/index-dae50b2c.js → 200 (20ms, 345B)
[2026-04-02T00:30:58.003Z] GET https://www.jiliguala.com/assets/_plugin-vue_export-helper-c27b6911.js → 200 (21ms, 91B)
[2026-04-02T00:30:58.003Z] GET https://www.jiliguala.com/assets/MainLayout-d0f93e44.css → 200 (18ms, 6690B)
[2026-04-02T00:30:58.003Z] GET https://www.jiliguala.com/assets/index-df5592af.js → 200 (21ms, 75731B)
[2026-04-02T00:30:58.003Z] GET https://www.jiliguala.com/assets/footer-6ec63e2d.js → 200 (21ms, 10361B)
[2026-04-02T00:30:58.003Z] GET https://www.jiliguala.com/assets/footer-1499c014.css → 200 (18ms, 2998B)
[2026-04-02T00:30:58.003Z] GET https://www.jiliguala.com/assets/index-6e3db525.css → 200 (19ms, 55507B)
[2026-04-02T00:30:58.003Z] GET https://www.jiliguala.com/assets/section1-titlebox-cdd9e45f.png → 200 (19ms, 60048B)
[2026-04-02T00:30:58.003Z] GET https://www.jiliguala.com/assets/section1-action-btn-c4445d92.png → 200 (19ms, 37183B)
[2026-04-02T00:30:58.003Z] GET https://qiniucdn.jiliguala.com/ram/notifaction_picture/da4137bb-dad1-4bd7-8585-8ad85dd028d8_20250328131501.png → 200 (58ms, ?B)
[2026-04-02T00:30:58.003Z] GET https://qiniucdn.jiliguala.com/ram/notifaction_picture/965a1e95-ac11-440f-a9ae-2aa983fc2387_20250328130904.svg → 200 (61ms, 11016B)
[2026-04-02T00:30:58.003Z] GET https://www.jiliguala.com/assets/product1-bg2-1-0ee1a2d6.png → 200 (20ms, 15855B)
[2026-04-02T00:30:58.003Z] GET https://www.jiliguala.com/assets/product1-img-30aabf13.png → 200 (20ms, 281978B)
[2026-04-02T00:30:58.010Z] GET https://www.jiliguala.com/assets/product1-symbol@2x-b494a997.png → 200 (13ms, 6096B)
[2026-04-02T00:30:58.010Z] GET https://qiniucdn.jiliguala.com/ram/notifaction_picture/344e49b6-f8bd-4e1f-abb2-280129c31cf9_20250328135008.svg → 200 (55ms, 578B)
[2026-04-02T00:30:58.010Z] GET https://qiniucdn.jiliguala.com/ram/notifaction_picture/e7485319-7e13-4c57-9502-cf6cbf3445ff_20250328173421.svg → 200 (55ms, 577B)
[2026-04-02T00:30:58.010Z] GET https://www.jiliguala.com/assets/productbg3-e734d055.png → 200 (16ms, 8563B)
[2026-04-02T00:30:58.010Z] GET https://www.jiliguala.com/assets/productbg1-eebc4fed.png → 200 (16ms, 8820B)
[2026-04-02T00:30:58.010Z] GET https://www.jiliguala.com/assets/productbg2-8e539933.png → 200 (16ms, 8572B)
[2026-04-02T00:30:58.010Z] GET https://www.jiliguala.com/assets/product1-ipguagua-9f78acbd.png → 200 (24ms, 12421B)
[2026-04-02T00:30:58.010Z] GET https://qiniucdn.jiliguala.com/ram/notifaction_picture/0792c8dd-2048-4fd3-a8e0-19d495773b67_20250328135357.svg → 200 (52ms, ?B)
[2026-04-02T00:30:58.010Z] GET https://www.jiliguala.com/assets/product2-symbol@2x-96779d6f.png → 200 (24ms, 6553B)
[2026-04-02T00:30:58.010Z] GET https://qiniucdn.jiliguala.com/ram/notifaction_picture/d5590e0b-c386-4caa-85a7-1ac7cef57ccd_20250328181311.png → 200 (55ms, 394455B)
[2026-04-02T00:30:58.010Z] GET https://www.jiliguala.com/assets/product-symbol@2x-978ffacc.png → 200 (26ms, 6767B)
[2026-04-02T00:30:58.010Z] GET https://www.jiliguala.com/assets/vector-1528-8d50126d.png → 200 (26ms, 11158B)
[2026-04-02T00:30:58.010Z] GET https://www.jiliguala.com/assets/usermobiel-1-bdff1fd6.png → 200 (26ms, 117286B)
[2026-04-02T00:30:58.010Z] GET https://www.jiliguala.com/assets/section4-ip1-e26d2ed7.png → 200 (27ms, 9453B)
[2026-04-02T00:30:58.010Z] GET https://qiniucdn.jiliguala.com/ram/notifaction_picture/c17dda89-56e6-4b4d-8127-a175e2916f04_20250328151919.png → 200 (61ms, 227951B)
[2026-04-02T00:30:58.010Z] GET https://qiniucdn.jiliguala.com/ram/notifaction_picture/4229f55a-2d09-4c4c-ba39-096351a91ce2_20250328152016.png → 200 (62ms, 231446B)
[2026-04-02T00:30:58.010Z] GET https://qiniucdn.jiliguala.com/ram/notifaction_picture/3fa88b06-f062-457c-9421-1094729ec0b0_20250328163624.png → 200 (66ms, 244752B)
[2026-04-02T00:30:58.011Z] GET https://qiniucdn.jiliguala.com/ram/notifaction_picture/d8343a23-0cdd-43a0-bcb0-40b4752f9966_20250328110658.png → 200 (64ms, 83219B)
[2026-04-02T00:30:58.011Z] GET https://qiniucdn.jiliguala.com/ram/notifaction_picture/6d853475-066f-43ba-ba1c-f18a821660d0_20250328110802.png → 200 (64ms, 72241B)
[2026-04-02T00:30:58.011Z] GET https://qiniucdn.jiliguala.com/ram/notifaction_picture/77809990-ea59-4c0d-b0b8-1671505d7b28_20250328111345.png → 200 (64ms, 22402B)
[2026-04-02T00:30:58.011Z] GET https://qiniucdn.jiliguala.com/ram/notifaction_picture/abc8f8c2-62a3-4a5b-a389-41c1689b604f_20250328111929.png → 200 (65ms, 50915B)
[2026-04-02T00:30:58.011Z] GET https://www.jiliguala.com/assets/logo-ng-b9532585.png → 200 (29ms, 10018B)
[2026-04-02T00:30:58.011Z] GET https://www.jiliguala.com/assets/logo-prh-bc1c6d8a.png → 200 (29ms, 32650B)
[2026-04-02T00:30:58.011Z] GET https://www.jiliguala.com/assets/logo-collins-1-56bbd6b3.png → 200 (29ms, 9275B)
[2026-04-02T00:30:58.011Z] GET https://www.jiliguala.com/assets/logo-scholastic-2c01030c.png → 200 (29ms, 5971B)
[2026-04-02T00:30:58.011Z] GET https://www.jiliguala.com/assets/content-tiny-53492678.png → 200 (30ms, 9476B)
[2026-04-02T00:30:58.011Z] GET https://qiniucdn.jiliguala.com/ram/notifaction_picture/7e52e89a-5646-4ebe-b7a1-f46089c605b6_20250328155712.svg → 200 (71ms, 21553B)
[2026-04-02T00:30:58.011Z] GET https://qiniucdn.jiliguala.com/ram/notifaction_picture/b74c1823-2b92-46e4-8b5e-cc19fbdb2561_20250328182942.jpg → 200 (65ms, 8126B)
[2026-04-02T00:30:58.011Z] GET https://qiniucdn.jiliguala.com/ram/notifaction_picture/990c75b5-8dbb-4ad8-8e8b-b0c55d00c984_20250328165610.png → 200 (64ms, 2138B)
[2026-04-02T00:30:58.011Z] GET https://qiniucdn.jiliguala.com/ram/notifaction_picture/28ed6740-724d-4113-9584-fee0a75ceac9_20250328112644.svg → 200 (65ms, 2707B)
[2026-04-02T00:30:58.011Z] GET https://qiniucdn.jiliguala.com/ram/notifaction_picture/9fd0b131-9fdb-4105-88ea-20e57e4cf257_20250328165255.png → 200 (65ms, 1657B)
[2026-04-02T00:30:58.011Z] GET https://qiniucdn.jiliguala.com/ram/notifaction_picture/b223dd7a-5429-48c1-98e9-b0be63bffc67_20250328112738.svg → 200 (66ms, 1415B)
[2026-04-02T00:30:58.011Z] GET https://qiniucdn.jiliguala.com/ram/notifaction_picture/5aea41ea-7c67-4604-b7b0-de7a510e60ce_20250328165451.png → 200 (72ms, 2102B)
[2026-04-02T00:30:58.011Z] GET https://qiniucdn.jiliguala.com/ram/notifaction_picture/65fbdc2d-18bd-43a8-912c-8f43228ed9b3_20250328112810.svg → 200 (68ms, 2273B)
[2026-04-02T00:30:58.011Z] GET https://www.jiliguala.com/assets/section1-bgbottom-1-f89f9408.png → 200 (31ms, 6122B)
[2026-04-02T00:30:58.011Z] GET https://www.jiliguala.com/assets/section1-titlebox-1-58ab6855.png → 200 (31ms, 58163B)
[2026-04-02T00:30:58.011Z] GET https://qiniucdn.jiliguala.com/ram/notifaction_picture/7f2c998a-ebbb-464f-ab6b-8bbac22968ac_20250328131941.png → 200 (64ms, ?B)
[2026-04-02T00:30:58.011Z] GET https://www.jiliguala.com/assets/section1-action-btn-1@2x-9e012c9f.png → 200 (31ms, 38420B)
[2026-04-02T00:30:58.011Z] GET https://www.jiliguala.com/assets/product1-bg1-3-24ae6f6d.png → 200 (32ms, 9929B)
[2026-04-02T00:30:58.011Z] GET https://www.jiliguala.com/assets/product1-symbol-1@2x-73337ee5.png → 200 (32ms, 6108B)
[2026-04-02T00:30:58.011Z] GET https://qiniucdn.jiliguala.com/ram/notifaction_picture/6a144fc7-d11a-43eb-abb1-e91a48036199_20250328150400.svg → 200 (61ms, ?B)
[2026-04-02T00:30:58.011Z] GET https://www.jiliguala.com/assets/product2-symbol-1@2x-d20c0fc0.png → 200 (32ms, 6555B)
[2026-04-02T00:30:58.011Z] GET https://www.jiliguala.com/assets/product-bg2-1-eef6c548.png → 200 (32ms, 26618B)
[2026-04-02T00:30:58.011Z] GET https://qiniucdn.jiliguala.com/ram/notifaction_picture/0553cfb4-9ecf-46d7-9d87-08863a3c9fb6_20250328170848.svg → 200 (62ms, ?B)
[2026-04-02T00:30:58.011Z] GET https://www.jiliguala.com/assets/product-symbol-1@2x-498b3ffb.png → 200 (36ms, 6772B)
[2026-04-02T00:30:58.011Z] GET https://www.jiliguala.com/assets/vector-1528-1-91bda068.png → 200 (36ms, 23758B)
[2026-04-02T00:30:58.011Z] GET https://www.jiliguala.com/assets/user1-1-db233133.png → 200 (37ms, 65006B)
[2026-04-02T00:30:58.011Z] GET https://www.jiliguala.com/assets/user1-2-3922d95b.png → 200 (37ms, 46679B)
[2026-04-02T00:30:58.011Z] GET https://www.jiliguala.com/assets/user1-3-201cf1f3.png → 200 (37ms, 51240B)
[2026-04-02T00:30:58.011Z] GET https://www.jiliguala.com/assets/user1-4-f9c40095.png → 200 (38ms, 51151B)
[2026-04-02T00:30:58.011Z] GET https://www.jiliguala.com/assets/section4-ip1-1-848e7f33.png → 200 (38ms, 11152B)
[2026-04-02T00:30:58.011Z] GET https://www.jiliguala.com/assets/section5-bgmobile-a27a02a0.png → 200 (39ms, 84912B)
[2026-04-02T00:30:58.011Z] GET https://qiniucdn.jiliguala.com/ram/notifaction_picture/b61898c4-9822-4b7e-8163-63a95f787f7b_20250328152120.png → 200 (72ms, 257127B)
[2026-04-02T00:30:58.011Z] GET https://www.jiliguala.com/assets/section6-bg-1-d7a5fc56.png → 200 (40ms, 8987B)
[2026-04-02T00:30:58.011Z] GET https://www.jiliguala.com/assets/logo-ng-1-3d184120.png → 200 (40ms, 7520B)
[2026-04-02T00:30:58.011Z] GET https://www.jiliguala.com/assets/logo-prh-1-123151bd.png → 200 (40ms, 19819B)
[2026-04-02T00:30:58.011Z] GET https://www.jiliguala.com/assets/logo-scholastic-1-44f0ece8.png → 200 (40ms, 4213B)
[2026-04-02T00:30:58.021Z] GET https://cdnjs.cloudflare.com/ajax/libs/meyer-reset/2.0/reset.min.css → 200 (19ms, 773B)
[2026-04-02T00:30:58.233Z] GET https://www.jiliguala.com/assets/section-1-bg1-1-14c3ee2d.png → 200 (?ms, 27408B)
[2026-04-02T00:31:16.186Z] GET https://www.khanacademy.org/kids → pending (?ms, ?B)
[2026-04-02T00:31:17.320Z] GET https://www.khanacademy.org/_fs-ch-1T1wmsGaOgGaSxcX/assets/inter-var.woff2 → 200 (268ms, 78400B)
[2026-04-02T00:31:17.320Z] GET https://www.khanacademy.org/_fs-ch-1T1wmsGaOgGaSxcX/assets/styles.css → 200 (175ms, 4163B)
[2026-04-02T00:31:17.504Z] GET https://www.khanacademy.org/_fs-ch-1T1wmsGaOgGaSxcX/errors.js → 200 (135ms, 3057B)
[2026-04-02T00:31:17.639Z] GET https://www.khanacademy.org/_fs-ch-1T1wmsGaOgGaSxcX/script.js?reload=true → 200 (148ms, 42176B)
[2026-04-02T00:31:17.792Z] GET https://www.khanacademy.org/fastly/logo → 200 (133ms, 1271B)
[2026-04-02T00:31:17.925Z] GET https://www.khanacademy.org/fastly/logo → 200 (?ms, 1271B)
[2026-04-02T00:31:17.942Z] POST https://www.khanacademy.org/_fs-ch-1T1wmsGaOgGaSxcX/fst-post-back → pending (?ms, ?B)
[2026-04-02T00:31:18.083Z] GET https://www.khanacademy.org/kids → 200 (517ms, 36005B)
[2026-04-02T00:31:18.628Z] GET https://cdn.prod.website-files.com/687556c5aa293822fea47666/css/khan-academy-kids.webflow.shared.039f81b70.css → pending (?ms, ?B)
[2026-04-02T00:31:18.628Z] GET https://ajax.googleapis.com/ajax/libs/webfont/1.6.26/webfont.js → pending (?ms, ?B)
[2026-04-02T00:31:18.628Z] GET https://cdn.cookielaw.org/scripttemplates/otSDKStub.js → pending (?ms, ?B)
[2026-04-02T00:31:18.630Z] GET https://d3e54v103j8qbb.cloudfront.net/js/jquery-3.5.1.min.dc5e7f18c8.js?site=687556c5aa293822fea47666 → pending (?ms, ?B)
[2026-04-02T00:31:18.630Z] GET https://cdn.prod.website-files.com/687556c5aa293822fea47666/js/webflow.schunk.d51888af67b3ee3b.js → pending (?ms, ?B)
[2026-04-02T00:31:18.630Z] GET https://cdn.prod.website-files.com/687556c5aa293822fea47666/js/webflow.a32d92b3.895a0aa96ee4d3bd.js → pending (?ms, ?B)
[2026-04-02T00:31:18.764Z] GET https://hatchkids.com/ → pending (?ms, ?B)
[2026-04-02T00:31:19.627Z] GET https://fonts.googleapis.com/css?family=Fredoka:300,400,500,600,700 → pending (?ms, ?B)
[2026-04-02T00:31:19.627Z] GET https://cdn.cookielaw.org/consent/757b7941-c87a-4c66-8f35-eed366c64b57/757b7941-c87a-4c66-8f35-eed366c64b57.json → pending (?ms, ?B)
[2026-04-02T00:31:19.627Z] GET https://www.googletagmanager.com/gtm.js?id=GTM-KJXPH8J → pending (?ms, ?B)
[2026-04-02T00:31:19.627Z] GET https://a.omappapi.com/app/js/api.min.js → pending (?ms, ?B)
[2026-04-02T00:31:19.672Z] GET https://cdn.prod.website-files.com/687556c5aa293822fea47666/68757ab4bffdee6aeaa50e34_Hero_Characters.webp → pending (?ms, ?B)
[2026-04-02T00:31:19.672Z] GET https://cdn.prod.website-files.com/687556c5aa293822fea47666/68824fc86bb34c31fa3c09c8_Hero_Background3.webp → pending (?ms, ?B)
[2026-04-02T00:31:19.673Z] GET https://cdn.prod.website-files.com/687556c5aa293822fea47666/68757d33edfe70dc3f78f4e7_ValueProp_Background.webp → pending (?ms, ?B)
[2026-04-02T00:31:19.673Z] GET https://cdn.prod.website-files.com/687556c5aa293822fea47666/687562ab8bc91cfd26247eb5_Kkids_Logo.webp → pending (?ms, ?B)
[2026-04-02T00:31:19.673Z] GET https://cdn.prod.website-files.com/687556c5aa293822fea47666/68756835c99ca016d6c51944_Icon_dropdown.svg → pending (?ms, ?B)
[2026-04-02T00:31:19.674Z] GET https://cdn.prod.website-files.com/687556c5aa293822fea47666/688017c5b68f20c16ba4a04e_Group%206386.webp → pending (?ms, ?B)
[2026-04-02T00:31:19.674Z] GET https://cdn.prod.website-files.com/687556c5aa293822fea47666/6876cf3b8e4fcab2b37686af_f9864c09-googe-play-button_1000000000000000000028.png → pending (?ms, ?B)
[2026-04-02T00:31:19.674Z] GET https://cdn.prod.website-files.com/687556c5aa293822fea47666/6876cf3b1c605387742ff2a7_f250b22c-amazon-appstore-button_1000000000000000000028.png → pending (?ms, ?B)
[2026-04-02T00:31:19.674Z] GET https://cdn.prod.website-files.com/687556c5aa293822fea47666/687579216f526803507b8a16_LearnMore_Button.svg → pending (?ms, ?B)
[2026-04-02T00:31:19.674Z] GET https://cdn.prod.website-files.com/687556c5aa293822fea47666/68757cd6edfe70dc3f78b75b_Video_Button.svg → pending (?ms, ?B)
[2026-04-02T00:31:19.674Z] GET https://cdn.prod.website-files.com/687556c5aa293822fea47666/68757cd624116df361e3e384_ValueProp_thumbnail.webp → pending (?ms, ?B)
[2026-04-02T00:31:19.728Z] GET https://cdn.prod.website-files.com/687556c5aa293822fea47666/68758d04dea08a20f8c8b669_KidsApp_Background.webp → pending (?ms, ?B)
[2026-04-02T00:31:19.728Z] GET https://cdn.prod.website-files.com/687556c5aa293822fea47666/68759492f903aeac11114bd1_Testimonial_BackgroundLeft.webp → pending (?ms, ?B)
[2026-04-02T00:31:19.728Z] GET https://cdn.prod.website-files.com/687556c5aa293822fea47666/68759492c980ed4eac8d3b84_Testimonial_BackgroundRight.webp → pending (?ms, ?B)
[2026-04-02T00:31:19.728Z] GET https://cdn.prod.website-files.com/687556c5aa293822fea47666/6875af37abcaecceb43f91a2_Awards_Background.webp → pending (?ms, ?B)
[2026-04-02T00:31:19.729Z] GET https://cdn.prod.website-files.com/687556c5aa293822fea47666/68768e18d04a7b04ca11acca_LastChance_BackgroundRight.webp → pending (?ms, ?B)
[2026-04-02T00:31:19.729Z] GET https://cdn.prod.website-files.com/687556c5aa293822fea47666/68768e1809c942c4a5d74683_LastChance_BackgroundLeft.webp → pending (?ms, ?B)
[2026-04-02T00:31:19.729Z] GET https://cdn.prod.website-files.com/687556c5aa293822fea47666/68768e1893d874be32baf7ee_LastChance_Background.webp → pending (?ms, ?B)
[2026-04-02T00:31:19.729Z] GET https://cdn.prod.website-files.com/687556c5aa293822fea47666/687585ac86088a739672f815_ValueProp_Image1.webp → pending (?ms, ?B)
[2026-04-02T00:31:19.729Z] GET https://cdn.prod.website-files.com/687556c5aa293822fea47666/68758883db0f38412ba75221_ValueProp_Image2.webp → pending (?ms, ?B)
[2026-04-02T00:31:19.729Z] GET https://cdn.prod.website-files.com/687556c5aa293822fea47666/68758883dea08a20f8c66e42_ValueProp_Image3.webp → pending (?ms, ?B)
[2026-04-02T00:31:19.729Z] GET https://cdn.prod.website-files.com/687556c5aa293822fea47666/68758883db0f38412ba75235_ValueProp_Image4.webp → pending (?ms, ?B)
[2026-04-02T00:31:19.730Z] GET https://cdn.prod.website-files.com/687556c5aa293822fea47666/68758883d67b76dcbf589789_ValueProp_Image5.webp → pending (?ms, ?B)
[2026-04-02T00:31:19.730Z] GET https://cdn.prod.website-files.com/687556c5aa293822fea47666/68758d043599ddc678244fa2_KidsApp_Image1-p-1080.webp → pending (?ms, ?B)
[2026-04-02T00:31:19.730Z] GET https://cdn.prod.website-files.com/687556c5aa293822fea47666/6876cd4032ab625254ae3805_Testimonial_Image7.webp → pending (?ms, ?B)
[2026-04-02T00:31:19.730Z] GET https://cdn.prod.website-files.com/687556c5aa293822fea47666/6876cd40bc67a9c733b013f5_Testimonial_Image2.webp → pending (?ms, ?B)
[2026-04-02T00:31:19.730Z] GET https://cdn.prod.website-files.com/687556c5aa293822fea47666/6876cd403bd4caefd210ef60_Testimonial_Image8.webp → pending (?ms, ?B)
[2026-04-02T00:31:19.730Z] GET https://cdn.prod.website-files.com/687556c5aa293822fea47666/68758f38db0f38412baadbb6_Testimonial_Image1.webp → pending (?ms, ?B)
[2026-04-02T00:31:19.730Z] GET https://cdn.prod.website-files.com/687556c5aa293822fea47666/687593b4130ae24169b86cb5_Testimonial_Leftarrow.svg → pending (?ms, ?B)
[2026-04-02T00:31:19.730Z] GET https://cdn.prod.website-files.com/687556c5aa293822fea47666/68759076ec2f534409fc33cc_Testimonial_arrow.svg → pending (?ms, ?B)
[2026-04-02T00:31:19.730Z] GET https://cdn.prod.website-files.com/687556c5aa293822fea47666/6875af377a39e79ed53a13b6_Awards_Badges-p-1080.webp → pending (?ms, ?B)
[2026-04-02T00:31:20.129Z] GET https://hatchkids.com/lander → 307 (447ms, ?B)
[2026-04-02T00:31:20.576Z] GET https://forsale.godaddy.com/forsale/hatchkids.com?utm_source=TDFS_BINNS2&utm_medium=parkedpages&utm_campaign=x_corp_tdfs-binns2_base&traffic_type=TDFS_BINNS2&traffic_id=binns2& → pending (?ms, ?B)
[2026-04-02T00:31:35.224Z] GET https://www.duolingo.com/abc → pending (?ms, ?B)
[2026-04-02T00:31:36.815Z] GET https://cdn.cookielaw.org/scripttemplates/otSDKStub.js → 200 (2ms, 26578B)
[2026-04-02T00:31:36.816Z] GET https://www.recaptcha.net/recaptcha/enterprise.js?render=6LcLOdsjAAAAAFfwGusLLnnn492SOGhsCh-uEAvI → 200 (406ms, 2044B)
[2026-04-02T00:31:36.816Z] GET https://d35aaqx5ub95lt.cloudfront.net/js/manifest-3e1fdb72.js → pending (?ms, ?B)
[2026-04-02T00:31:36.816Z] GET https://d35aaqx5ub95lt.cloudfront.net/js/features-91ec4487.js → pending (?ms, ?B)
[2026-04-02T00:31:36.816Z] GET https://d35aaqx5ub95lt.cloudfront.net/js/8553-a0eeda7a.js → pending (?ms, ?B)
[2026-04-02T00:31:36.816Z] GET https://d35aaqx5ub95lt.cloudfront.net/js/polyfills-4de5bd64.js → pending (?ms, ?B)
[2026-04-02T00:31:36.816Z] GET https://d35aaqx5ub95lt.cloudfront.net/js/9819-08dfcebf.js → pending (?ms, ?B)
[2026-04-02T00:31:36.816Z] GET https://d35aaqx5ub95lt.cloudfront.net/js/strings/en-9ae2a671.js → pending (?ms, ?B)
[2026-04-02T00:31:36.816Z] GET https://d35aaqx5ub95lt.cloudfront.net/js/8395-60c7f28f.js → pending (?ms, ?B)
[2026-04-02T00:31:36.816Z] GET https://d35aaqx5ub95lt.cloudfront.net/js/app-b79fa5ab.js → pending (?ms, ?B)
[2026-04-02T00:31:36.816Z] GET https://d35aaqx5ub95lt.cloudfront.net/css/8395-ce60d697.css → pending (?ms, ?B)
[2026-04-02T00:31:36.816Z] GET https://d35aaqx5ub95lt.cloudfront.net/css/app-d4f66a56.css → pending (?ms, ?B)
[2026-04-02T00:31:36.820Z] GET https://cdn.cookielaw.org/consent/55a7f100-001e-4085-87ec-1a6d522f7d67/55a7f100-001e-4085-87ec-1a6d522f7d67.json → 200 (152ms, 5369B)
[2026-04-02T00:31:36.972Z] GET https://geolocation.onetrust.com/cookieconsentpub/v1/geo/location → pending (?ms, ?B)
[2026-04-02T00:31:37.227Z] GET https://www.gstatic.cn/recaptcha/releases/79clEdOi5xQbrrpL2L8kGmK3/recaptcha__en.js → pending (?ms, ?B)
[2026-04-02T00:31:37.362Z] GET https://d35aaqx5ub95lt.cloudfront.net/fonts/642e24bb0295f3aee4dedcd8eecd8007.woff2 → 200 (636ms, ?B)
[2026-04-02T00:31:37.362Z] GET https://d35aaqx5ub95lt.cloudfront.net/fonts/a96f1b78ebf295556c0e9500cde6dd64.woff2 → 200 (637ms, ?B)
[2026-04-02T00:31:37.982Z] GET https://d35aaqx5ub95lt.cloudfront.net/css/1118-ad3d3df3.css → 200 (99ms, ?B)
[2026-04-02T00:31:37.982Z] GET https://d35aaqx5ub95lt.cloudfront.net/js/1118-8f62c779.js → 200 (102ms, ?B)
[2026-04-02T00:31:37.982Z] GET https://d35aaqx5ub95lt.cloudfront.net/css/2231-92123df5.css → 200 (99ms, ?B)
[2026-04-02T00:31:37.982Z] GET https://d35aaqx5ub95lt.cloudfront.net/js/2231-791a53cd.js → 200 (103ms, ?B)
[2026-04-02T00:31:37.982Z] GET https://d35aaqx5ub95lt.cloudfront.net/css/8186-ad3d3df3.css → 200 (100ms, ?B)
[2026-04-02T00:31:37.982Z] GET https://d35aaqx5ub95lt.cloudfront.net/js/8186-1df1f4b0.js → 200 (103ms, ?B)
[2026-04-02T00:31:37.982Z] GET https://d35aaqx5ub95lt.cloudfront.net/css/4800-10f90769.css → 200 (100ms, ?B)
[2026-04-02T00:31:37.982Z] GET https://d35aaqx5ub95lt.cloudfront.net/js/4800-307e38a3.js → 200 (103ms, ?B)
[2026-04-02T00:31:37.982Z] GET https://www.googletagmanager.com/gtm.js?id=GTM-TX6Z97C → pending (?ms, ?B)
[2026-04-02T00:31:37.983Z] GET https://abc.duolingo.com/ → pending (?ms, ?B)
[2026-04-02T00:31:37.998Z] POST https://excess.duolingo.com/batch → pending (?ms, ?B)
[2026-04-02T00:31:38.080Z] GET https://accounts.google.com/gsi/client → pending (?ms, ?B)
[2026-04-02T00:31:38.080Z] GET https://zombie.duolingo.com/0/web.json?user=0&ts=1775089898&tzoffset=8 → pending (?ms, ?B)
[2026-04-02T00:31:38.080Z] POST https://www.duolingo.com/2023-05-23/tracking-status → pending (?ms, ?B)
[2026-04-02T00:31:38.080Z] GET https://www.duolingo.com/2023-05-23/config?fields=ageRestrictionLimit,clientExperiments%7Bweb_wechat_open_tag%7D,featureFlags,ipCountry,speechHost&_=1775089898070 → pending (?ms, ?B)
[2026-04-02T00:31:38.080Z] POST https://excess.duolingo.com/batch → pending (?ms, ?B)
[2026-04-02T00:31:38.080Z] GET https://www.duolingo.com/users/undefined/streak-goal-current?_=1775089898078 → pending (?ms, ?B)
[2026-04-02T00:31:38.080Z] GET https://www.duolingo.com/users/undefined/streak-goal-next-options?_=1775089898078 → pending (?ms, ?B)
[2026-04-02T00:31:38.100Z] GET https://cdn.cookielaw.org/scripttemplates/202404.1.0/otBannerSdk.js → pending (?ms, ?B)
[2026-04-02T00:31:38.195Z] GET https://www.recaptcha.net/recaptcha/enterprise/anchor?ar=1&k=6LcLOdsjAAAAAFfwGusLLnnn492SOGhsCh-uEAvI&co=aHR0cHM6Ly93d3cuZHVvbGluZ28uY29tOjQ0Mw..&hl=en&v=79clEdOi5xQbrrpL2L8kGmK3&size=invisible&anchor-ms=20000&execute-ms=30000&cb=r8zq543sjdou → pending (?ms, ?B)
[2026-04-02T00:31:38.289Z] GET https://www.gstatic.cn/recaptcha/releases/79clEdOi5xQbrrpL2L8kGmK3/styles_cn__ltr.css → 200 (197ms, ?B)
[2026-04-02T00:31:38.289Z] GET https://www.gstatic.cn/recaptcha/releases/79clEdOi5xQbrrpL2L8kGmK3/recaptcha__en.js → 200 (47ms, ?B)
[2026-04-02T00:31:38.358Z] GET https://www.googletagmanager.com/gtag/js?id=AW-728842606&cx=c&gtm=4e6410h2 → 200 (270ms, ?B)
[2026-04-02T00:31:38.428Z] GET https://cdn.cookielaw.org/consent/55a7f100-001e-4085-87ec-1a6d522f7d67/a714f50c-3dd8-46b5-8c3e-f33de492a413/en.json → 200 (199ms, ?B)
[2026-04-02T00:31:38.594Z] GET https://www.recaptcha.net/recaptcha/enterprise/webworker.js?hl=en&v=79clEdOi5xQbrrpL2L8kGmK3 → 200 (137ms, 101B)
[2026-04-02T00:31:38.610Z] GET https://www.gstatic.cn/recaptcha/api2/logo_48.png → 200 (114ms, ?B)
[2026-04-02T00:31:38.723Z] GET https://googleads.g.doubleclick.net/pagead/viewthroughconversion/728842606/?random=1775089898672&cv=11&fst=1775089898672&bg=ffffff&guid=ON&async=1&en=gtag.config&gtm=45be6410h2v9103119162z8811879556za20gzb811879556zd811879556xec&gcd=13l3l3l3l1l1&dma=0&tag_exp=0~115616986~115938465~115938468~116363098~116991816~118328122&u_w=1280&u_h=720&url=https%3A%2F%2Fwww.duolingo.com%2Fabc&frm=0&tiba=Duolingo&hn=www.googleadservices.com&npa=0&pscdl=noapi&auid=292886778.1775089899&uaa=x86&uab=64&uafvl=Not%253AA-Brand%3B99.0.0.0%7CHeadlessChrome%3B145.0.7632.6%7CChromium%3B145.0.7632.6&uamb=0&uam=&uap=Windows&uapv=10.0.0&uaw=0&data=event%3Dgtag.config&rfmt=3&fmt=4 → pending (?ms, ?B)
[2026-04-02T00:31:38.723Z] POST https://www.google.com/rmkt/collect/728842606/?random=1775089898672&cv=11&fst=1775089898672&fmt=8&bg=ffffff&guid=ON&async=1&en=gtag.config&gtm=45be6410h2v9103119162z8811879556za20gzb811879556zd811879556xec&gcd=13l3l3l3l1l1&dma=0&tag_exp=0~115616986~115938465~115938468~116363098~116991816~118328122&u_w=1280&u_h=720&url=https%3A%2F%2Fwww.duolingo.com%2Fabc&frm=0&tiba=Duolingo&hn=www.googleadservices.com&npa=0&pscdl=noapi&auid=292886778.1775089899&uaa=x86&uab=64&uafvl=Not%253AA-Brand%3B99.0.0.0%7CHeadlessChrome%3B145.0.7632.6%7CChromium%3B145.0.7632.6&uamb=0&uam=&uap=Windows&uapv=10.0.0&uaw=0&data=event%3Dgtag.config&gcp=5 → pending (?ms, ?B)
[2026-04-02T00:31:38.724Z] POST https://www.google.com/ccm/collect?frm=0&en=page_view&dl=https%3A%2F%2Fwww.duolingo.com%2Fabc&scrsrc=www.googletagmanager.com&rnd=1154781319.1775089899&dt=Duolingo&auid=292886778.1775089899&navt=n&npa=0&gtm=45be6410h2v9103119162z8811879556za20gzb811879556zd811879556xec&gcd=13l3l3l3l1l1&dma=0&tag_exp=0~115616986~115938465~115938468~116363098~116991816~118328122&apve=1&apvf=f&apvc=1&tids=AW-728842606&tid=AW-728842606&tft=1775089898721&tfd=3498 → pending (?ms, ?B)
[2026-04-02T00:31:38.732Z] GET https://www.gstatic.cn/recaptcha/releases/79clEdOi5xQbrrpL2L8kGmK3/recaptcha__en.js → 200 (115ms, 870412B)
[2026-04-02T00:31:38.747Z] GET https://cdn.cookielaw.org/scripttemplates/202404.1.0/assets/otCommonStyles.css → 200 (132ms, ?B)
[2026-04-02T00:31:38.760Z] GET https://www.googletagmanager.com/gtag/js?id=G-CSFDVCPQ4F&cx=c&gtm=4e6410h2 → 200 (319ms, ?B)
[2026-04-02T00:31:38.760Z] GET https://www.google-analytics.com/analytics.js → pending (?ms, ?B)
[2026-04-02T00:31:38.760Z] GET https://connect.facebook.net/en_US/fbevents.js → pending (?ms, ?B)
[2026-04-02T00:31:38.867Z] GET https://accounts.google.com/gsi/style → 200 (181ms, ?B)
[2026-04-02T00:31:38.886Z] POST https://excess.duolingo.com/batch → pending (?ms, ?B)
[2026-04-02T00:31:39.160Z] GET https://www.googletagmanager.com/gtag/destination?id=AW-397119219&cx=c&gtm=4e6410h2 → pending (?ms, ?B)
[2026-04-02T00:31:39.161Z] POST https://www.google-analytics.com/g/collect?v=2&tid=G-CSFDVCPQ4F&gtm=45je6410h2v899653930z8811879556za20gzb811879556zd811879556&_p=1775089897853&gcd=13l3l3l3l1l1&npa=0&dma=0&cid=376251097.1775089899&ul=zh-cn&sr=1280x720&uaa=x86&uab=64&uafvl=Not%253AA-Brand%3B99.0.0.0%7CHeadlessChrome%3B145.0.7632.6%7CChromium%3B145.0.7632.6&uamb=0&uam=&uap=Windows&uapv=10.0.0&uaw=0&are=1&frm=0&pscdl=noapi&_eu=AAAAAEA&_s=1&tag_exp=0~115616985~115938465~115938468~116363098~116991817~118328143&sid=1775089899&sct=1&seg=0&dl=https%3A%2F%2Fwww.duolingo.com%2Fabc&dt=Duolingo&en=page_view&_fv=1&_nsi=1&_ss=1&tfd=3934 → pending (?ms, ?B)
[2026-04-02T00:31:39.161Z] POST https://stats.g.doubleclick.net/g/collect?v=2&tid=G-CSFDVCPQ4F&cid=376251097.1775089899&gtm=45je6410h2v899653930z8811879556za20gzb811879556zd811879556&aip=1&dma=0&gcd=13l3l3l3l1l1&npa=0&frm=0&tag_exp=0~115616985~115938465~115938468~116363098~116991817~118328143 → pending (?ms, ?B)
[2026-04-02T00:31:39.295Z] POST https://www.google-analytics.com/g/collect?v=2&tid=G-CSFDVCPQ4F&gtm=45je6410h2v899653930za20gzb811879556zd811879556&_p=1775089897853&gcd=13l3l3l3l1l1&npa=0&dma=0&cid=376251097.1775089899&ul=zh-cn&sr=1280x720&uaa=x86&uab=64&uafvl=Not%253AA-Brand%3B99.0.0.0%7CHeadlessChrome%3B145.0.7632.6%7CChromium%3B145.0.7632.6&uamb=0&uam=&uap=Windows&uapv=10.0.0&uaw=0&are=1&frm=0&pscdl=noapi&_eu=AEAAAEQ&_s=2&tag_exp=0~115616985~115938465~115938468~116363098~116991817~118328143&sid=1775089899&sct=1&seg=0&dl=https%3A%2F%2Fwww.duolingo.com%2Fabc&dt=Duolingo&_tu=CA&en=scroll&epn.percent_scrolled=90&_et=10&tfd=4068 → pending (?ms, ?B)
[2026-04-02T00:31:39.295Z] POST https://excess.duolingo.com/batch → pending (?ms, ?B)
[2026-04-02T00:31:39.296Z] GET https://www.google.com/rmkt/collect/728842606/?random=1775089898672&cv=11&fst=1775089898672&fmt=3&bg=ffffff&guid=ON&async=1&en=gtag.config&gtm=45be6410h2v9103119162z8811879556za20gzb811879556zd811879556xec&gcd=13l3l3l3l1l1&dma=0&tag_exp=0~115616986~115938465~115938468~116363098~116991816~118328122&u_w=1280&u_h=720&url=https%3A%2F%2Fwww.duolingo.com%2Fabc&frm=0&tiba=Duolingo&hn=www.googleadservices.com&npa=0&pscdl=noapi&auid=292886778.1775089899&uaa=x86&uab=64&uafvl=Not%253AA-Brand%3B99.0.0.0%7CHeadlessChrome%3B145.0.7632.6%7CChromium%3B145.0.7632.6&uamb=0&uam=&uap=Windows&uapv=10.0.0&uaw=0&data=event%3Dgtag.config&gcp=5 → pending (?ms, ?B)
[2026-04-02T00:31:39.296Z] GET https://www.google.com/ccm/collect?frm=0&en=page_view&dl=https%3A%2F%2Fwww.duolingo.com%2Fabc&scrsrc=www.googletagmanager.com&rnd=1154781319.1775089899&dt=Duolingo&auid=292886778.1775089899&navt=n&npa=0&gtm=45be6410h2v9103119162z8811879556za20gzb811879556zd811879556xec&gcd=13l3l3l3l1l1&dma=0&tag_exp=0~115616986~115938465~115938468~116363098~116991816~118328122&apve=1&apvf=f&apvc=1&tids=AW-728842606&tid=AW-728842606&tft=1775089898721&tfd=3498 → pending (?ms, ?B)
[2026-04-02T00:31:39.300Z] GET https://cdn.cookielaw.org/scripttemplates/otSDKStub.js → 200 (5ms, 26578B)
[2026-04-02T00:31:39.300Z] GET https://abc.duolingo.com/static/js/main.39431afb.js → 200 (748ms, 519452B)
[2026-04-02T00:31:39.300Z] GET https://abc.duolingo.com/static/css/main.8f92c9c8.css → 200 (153ms, 93281B)
[2026-04-02T00:31:39.305Z] GET https://cdn.cookielaw.org/consent/55a7f100-001e-4085-87ec-1a6d522f7d67/55a7f100-001e-4085-87ec-1a6d522f7d67.json → 200 (2ms, 5369B)
[2026-04-02T00:31:39.306Z] GET https://www.googletagmanager.com/gtm.js?id=GTM-WPVHH73 → 200 (276ms, 362604B)
[2026-04-02T00:31:39.307Z] GET https://geolocation.onetrust.com/cookieconsentpub/v1/geo/location → 200 (580ms, 66B)
[2026-04-02T00:31:39.608Z] GET https://connect.facebook.net/en_US/fbevents.js → 200 (231ms, 365683B)
[2026-04-02T00:31:39.876Z] GET https://connect.facebook.net/signals/config/202338239177266?v=2.9.289&r=stable&domain=abc.duolingo.com&hme=c676e0b4e1b62cc7b9a55179c96fc72f4b50ddb02e06525868e7052c2bcfa5eb&ex_m=102%2C198%2C147%2C22%2C70%2C71%2C139%2C66%2C65%2C11%2C155%2C88%2C16%2C132%2C124%2C37%2C73%2C76%2C130%2C152%2C157%2C8%2C4%2C5%2C7%2C6%2C3%2C89%2C99%2C158%2C163%2C212%2C60%2C179%2C180%2C53%2C267%2C30%2C72%2C224%2C223%2C222%2C23%2C32%2C101%2C59%2C10%2C61%2C95%2C96%2C97%2C103%2C127%2C31%2C29%2C129%2C126%2C125%2C148%2C74%2C151%2C149%2C150%2C48%2C58%2C120%2C15%2C154%2C43%2C254%2C255%2C253%2C26%2C27%2C28%2C46%2C140%2C75%2C110%2C18%2C20%2C42%2C38%2C40%2C39%2C81%2C90%2C94%2C108%2C138%2C141%2C44%2C109%2C24%2C21%2C116%2C67%2C35%2C143%2C142%2C144%2C135%2C133%2C25%2C34%2C57%2C107%2C153%2C68%2C17%2C145%2C112%2C79%2C64%2C19%2C83%2C84%2C113%2C82%2C33%2C283%2C205%2C194%2C195%2C193%2C286%2C278%2C50%2C206%2C105%2C128%2C78%2C118%2C52%2C45%2C47%2C111%2C117%2C123%2C56%2C62%2C51%2C54%2C98%2C156%2C1%2C121%2C14%2C119%2C12%2C2%2C55%2C91%2C63%2C115%2C87%2C86%2C159%2C160%2C92%2C93%2C9%2C122%2C100%2C49%2C136%2C85%2C77%2C69%2C114%2C104%2C41%2C137%2C0%2C80%2C131%2C134%2C146%2C36%2C106%2C13%2C161 → 200 (381ms, 154941B)
[2026-04-02T00:31:39.887Z] GET https://cdn.cookielaw.org/scripttemplates/202404.1.0/otBannerSdk.js → 200 (11ms, 458456B)
[2026-04-02T00:31:39.892Z] GET https://www.googletagmanager.com/gtag/js?id=G-4K8KF3Q5XP&cx=c&gtm=4e63v0 → 200 (322ms, 474214B)
[2026-04-02T00:31:39.899Z] GET https://cdn.cookielaw.org/consent/55a7f100-001e-4085-87ec-1a6d522f7d67/a714f50c-3dd8-46b5-8c3e-f33de492a413/en.json → 200 (18ms, 83417B)
[2026-04-02T00:31:39.921Z] GET https://cdn.cookielaw.org/scripttemplates/202404.1.0/assets/otCommonStyles.css → 200 (4ms, 24823B)
[2026-04-02T00:31:40.117Z] POST https://excess.duolingo.com/batch → pending (?ms, ?B)
[2026-04-02T00:31:40.117Z] GET https://abc.duolingo.com/static/media/badge-app-store.17db14133432ce4e82a799e760bd3e0e.svg → 200 (142ms, ?B)
[2026-04-02T00:31:40.119Z] GET https://abc.duolingo.com/static/media/badge-play-store.4a9f9204e7e5c1d3ed3b79b7b7af8568.svg → 200 (140ms, ?B)
[2026-04-02T00:31:40.119Z] GET https://abc.duolingo.com/static/media/award-left.c1fb0afaba3bdba2c0aa93648c1ea80c.svg → 200 (140ms, ?B)
[2026-04-02T00:31:40.119Z] GET https://abc.duolingo.com/static/media/award-right.95013f541de00932933979b7b8ee0628.svg → 200 (141ms, ?B)
[2026-04-02T00:31:40.119Z] GET https://abc.duolingo.com/static/media/award-left.c1fb0afaba3bdba2c0aa93648c1ea80c.svg → 200 (140ms, ?B)
[2026-04-02T00:31:40.119Z] GET https://abc.duolingo.com/static/media/award-right.95013f541de00932933979b7b8ee0628.svg → 200 (141ms, ?B)
[2026-04-02T00:31:40.119Z] GET https://abc.duolingo.com/static/media/award-left.c1fb0afaba3bdba2c0aa93648c1ea80c.svg → 200 (140ms, ?B)
[2026-04-02T00:31:40.119Z] GET https://abc.duolingo.com/static/media/award-right.95013f541de00932933979b7b8ee0628.svg → 200 (140ms, ?B)
[2026-04-02T00:31:40.119Z] GET https://abc.duolingo.com/static/media/badge-app-store.17db14133432ce4e82a799e760bd3e0e.svg → 200 (140ms, ?B)
[2026-04-02T00:31:40.119Z] GET https://abc.duolingo.com/static/media/badge-play-store.4a9f9204e7e5c1d3ed3b79b7b7af8568.svg → 200 (139ms, ?B)
[2026-04-02T00:31:40.119Z] GET https://abc.duolingo.com/static/media/abc-logo.048359110de92f67898a0e03629619a2.svg → pending (?ms, ?B)
[2026-04-02T00:31:40.119Z] GET https://abc.duolingo.com/static/media/home-hero.fb2f74512684628557e2ae8e53a5c4a8.svg → 200 (148ms, ?B)
[2026-04-02T00:31:40.119Z] GET https://abc.duolingo.com/static/media/hill-top-green.5d802bea7a45e2f4208c440b326f96eb.svg → pending (?ms, ?B)
[2026-04-02T00:31:40.119Z] GET https://abc.duolingo.com/static/media/arrow-down.a77fdd73877392e68bca0da5a2d72520.svg → pending (?ms, ?B)
[2026-04-02T00:31:40.119Z] GET https://abc.duolingo.com/static/media/hill-bottom-green.b4bcebb59cba41605feb4a6d7cd0165d.svg → pending (?ms, ?B)
[2026-04-02T00:31:40.119Z] GET https://abc.duolingo.com/static/media/learn-through-play.2bc578249739a52b15bf319b2f276c56.svg → pending (?ms, ?B)
[2026-04-02T00:31:40.119Z] GET https://abc.duolingo.com/static/media/stories-kids-love.ad36b417b4476bdf0697ddd455442f71.svg → pending (?ms, ?B)
[2026-04-02T00:31:40.119Z] GET https://abc.duolingo.com/static/media/section-top-green.32f74542870f78c361595ca4488ec8de.svg → pending (?ms, ?B)
[2026-04-02T00:31:40.120Z] GET https://abc.duolingo.com/static/media/icon-fish.d850234b2111c5deb732ee0309ca410e.svg → pending (?ms, ?B)
[2026-04-02T00:31:40.120Z] GET https://abc.duolingo.com/static/media/icon-pencil.569aaaa55df762f6828dfb0dd2855170.svg → pending (?ms, ?B)
[2026-04-02T00:31:40.120Z] GET https://abc.duolingo.com/static/media/icon-speech-bubble.96fec1606321e3b7ad4408aaf151da07.svg → pending (?ms, ?B)
[2026-04-02T00:31:40.120Z] GET https://abc.duolingo.com/static/media/icon-letter-a.4c0756ede918006b1937e91e191697bd.svg → pending (?ms, ?B)
[2026-04-02T00:31:40.120Z] GET https://abc.duolingo.com/static/media/section-bottom-green.f5604ec7882b908b74df598b31298de5.svg → pending (?ms, ?B)
[2026-04-02T00:31:40.120Z] GET https://abc.duolingo.com/static/media/abc-efficacy.d913c58863c758ababf4fbcf6738e973.svg → pending (?ms, ?B)
[2026-04-02T00:31:40.120Z] GET https://abc.duolingo.com/static/media/fofo-peek.3165c20f1ae150158bc70c94be45e325.svg → pending (?ms, ?B)
[2026-04-02T00:31:40.120Z] GET https://abc.duolingo.com/static/media/icon-five-stars.db39e3300043f9eef506efec37f4a6ad.svg → pending (?ms, ?B)
[2026-04-02T00:31:40.120Z] GET https://abc.duolingo.com/static/media/icon-quote.f70cf7d9b08c3b3ff2e7bd15d303c55d.svg → pending (?ms, ?B)
[2026-04-02T00:31:40.120Z] GET https://abc.duolingo.com/static/media/home-footer.719733d6b2979b1768a642ade76510a5.svg → pending (?ms, ?B)
[2026-04-02T00:31:40.159Z] GET https://abc.duolingo.com/static/media/Feather-Bold.68d22534874c554b0c9e.woff2 → pending (?ms, ?B)
[2026-04-02T00:31:40.159Z] GET https://abc.duolingo.com/static/media/DINNextRoundedLTPro-Regular.b391a1740855adb49e1b.woff2 → pending (?ms, ?B)
[2026-04-02T00:31:40.159Z] GET https://abc.duolingo.com/static/media/DINNextRoundedLTPro-Bold.c1ebba64155e95ff69b9.woff2 → pending (?ms, ?B)
[2026-04-02T00:31:40.257Z] POST https://www.google-analytics.com/g/collect?v=2&tid=G-4K8KF3Q5XP&gtm=45je63v0v9106749287z89105283940za20gzb9105283940zd9105283940&_p=1775089899304&gcd=13l3l3l3l1l1&npa=0&dma=0&cid=376251097.1775089899&ul=zh-cn&sr=1280x720&uaa=x86&uab=64&uafvl=Not%253AA-Brand%3B99.0.0.0%7CHeadlessChrome%3B145.0.7632.6%7CChromium%3B145.0.7632.6&uamb=0&uam=&uap=Windows&uapv=10.0.0&uaw=0&are=1&frm=0&pscdl=noapi&_s=1&tag_exp=0~115938466~115938468~116991816~117384406~118328143&sid=1775089900&sct=1&seg=0&dl=https%3A%2F%2Fabc.duolingo.com%2F&dr=https%3A%2F%2Fwww.duolingo.com%2F&dt=Duolingo%20ABC&en=page_view&_fv=1&_ss=1&tfd=2272 → pending (?ms, ?B)
[2026-04-02T00:31:41.602Z] GET https://lingumi.com/ → pending (?ms, ?B)
[2026-04-02T00:31:52.105Z] GET https://www.littlebridge.com/ → pending (?ms, ?B)
[2026-04-02T00:31:55.558Z] GET https://www.littlebridge.com/wp-content/plugins/cookie-notice/css/front.min.css?ver=2.5.11 → 200 (454ms, 5482B)
[2026-04-02T00:31:55.558Z] GET https://www.littlebridge.com/wp-content/plugins/sitepress-multilingual-cms/templates/language-switchers/legacy-dropdown/style.min.css?ver=1 → 200 (455ms, 1716B)
[2026-04-02T00:31:55.558Z] GET https://www.littlebridge.com/wp-content/themes/oceanwp/assets/css/style.min.css?ver=1.0 → pending (?ms, ?B)
[2026-04-02T00:31:55.562Z] GET https://www.littlebridge.com/wp-content/themes/oceanwp-child-theme-master/style.css?ver=6.8.3 → 200 (451ms, 277B)
[2026-04-02T00:31:55.562Z] GET https://www.littlebridge.com/wp-content/themes/oceanwp/assets/fonts/fontawesome/css/all.min.css?ver=5.15.1 → pending (?ms, ?B)
[2026-04-02T00:31:55.562Z] GET https://www.littlebridge.com/wp-content/themes/oceanwp/assets/css/third/simple-line-icons.min.css?ver=2.4.0 → pending (?ms, ?B)
[2026-04-02T00:31:55.562Z] GET https://fonts.googleapis.com/css?family=Open+Sans%3A100%2C200%2C300%2C400%2C500%2C600%2C700%2C800%2C900%2C100i%2C200i%2C300i%2C400i%2C500i%2C600i%2C700i%2C800i%2C900i&subset=latin&display=swap&ver=6.8.3 → 200 (546ms, 72342B)
[2026-04-02T00:31:55.562Z] GET https://www.littlebridge.com/wp-content/plugins/elementor/assets/css/frontend.min.css?ver=3.32.5 → 200 (692ms, 53614B)
[2026-04-02T00:31:55.562Z] GET https://www.littlebridge.com/wp-content/plugins/elementor/assets/css/widget-image.min.css?ver=3.32.5 → pending (?ms, ?B)
[2026-04-02T00:31:55.562Z] GET https://www.littlebridge.com/wp-content/plugins/elementor-pro/assets/css/widget-nav-menu.min.css?ver=3.30.0 → pending (?ms, ?B)
[2026-04-02T00:31:55.562Z] GET https://www.littlebridge.com/wp-content/plugins/elementor/assets/lib/animations/styles/e-animation-grow.min.css?ver=3.32.5 → pending (?ms, ?B)
[2026-04-02T00:31:55.562Z] GET https://www.littlebridge.com/wp-content/plugins/elementor-pro/assets/css/modules/sticky.min.css?ver=3.30.0 → pending (?ms, ?B)
[2026-04-02T00:31:55.562Z] GET https://www.littlebridge.com/wp-content/plugins/elementor/assets/css/widget-social-icons.min.css?ver=3.32.5 → pending (?ms, ?B)
[2026-04-02T00:31:55.562Z] GET https://www.littlebridge.com/wp-content/plugins/elementor/assets/css/conditionals/apple-webkit.min.css?ver=3.32.5 → pending (?ms, ?B)
[2026-04-02T00:31:55.562Z] GET https://www.littlebridge.com/wp-content/plugins/elementor/assets/css/widget-divider.min.css?ver=3.32.5 → pending (?ms, ?B)
[2026-04-02T00:31:55.562Z] GET https://www.littlebridge.com/wp-content/plugins/elementor/assets/css/widget-spacer.min.css?ver=3.32.5 → pending (?ms, ?B)
[2026-04-02T00:31:55.562Z] GET https://www.littlebridge.com/wp-content/plugins/elementor/assets/css/widget-heading.min.css?ver=3.32.5 → pending (?ms, ?B)
[2026-04-02T00:31:55.562Z] GET https://www.littlebridge.com/wp-content/plugins/elementor/assets/css/widget-icon-list.min.css?ver=3.32.5 → pending (?ms, ?B)
[2026-04-02T00:31:55.562Z] GET https://www.littlebridge.com/wp-content/plugins/elementor/assets/css/widget-toggle.min.css?ver=3.32.5 → pending (?ms, ?B)
[2026-04-02T00:31:55.562Z] GET https://www.littlebridge.com/wp-content/plugins/elementor-pro/assets/css/widget-form.min.css?ver=3.30.0 → pending (?ms, ?B)
[2026-04-02T00:31:55.562Z] GET https://www.littlebridge.com/wp-content/plugins/elementor/assets/lib/animations/styles/slideInDown.min.css?ver=3.32.5 → pending (?ms, ?B)
[2026-04-02T00:31:55.562Z] GET https://www.littlebridge.com/wp-content/plugins/elementor-pro/assets/css/conditionals/popup.min.css?ver=3.30.0 → pending (?ms, ?B)
[2026-04-02T00:31:55.563Z] GET https://www.littlebridge.com/wp-content/uploads/elementor/css/custom-jet-blocks.css?ver=1.3.16 → pending (?ms, ?B)
[2026-04-02T00:31:55.563Z] GET https://www.littlebridge.com/wp-content/plugins/elementor/assets/lib/eicons/css/elementor-icons.min.css?ver=5.44.0 → pending (?ms, ?B)
[2026-04-02T00:31:55.563Z] GET https://www.littlebridge.com/wp-content/uploads/elementor/css/post-9834.css?ver=1768476528 → pending (?ms, ?B)
[2026-04-02T00:31:55.563Z] GET https://www.littlebridge.com/wp-content/plugins/jet-tabs/assets/css/jet-tabs-frontend.css?ver=2.2.7 → pending (?ms, ?B)
[2026-04-02T00:31:55.563Z] GET https://www.littlebridge.com/wp-content/plugins/elementor/assets/lib/font-awesome/css/all.min.css?ver=3.32.5 → pending (?ms, ?B)
[2026-04-02T00:31:55.563Z] GET https://www.littlebridge.com/wp-content/plugins/elementor/assets/lib/font-awesome/css/v4-shims.min.css?ver=3.32.5 → pending (?ms, ?B)
[2026-04-02T00:31:55.563Z] GET https://www.littlebridge.com/wp-content/plugins/elementor/assets/css/widget-menu-anchor.min.css?ver=3.32.5 → pending (?ms, ?B)
[2026-04-02T00:31:55.563Z] GET https://www.littlebridge.com/wp-content/plugins/elementor-pro/assets/css/widget-flip-box.min.css?ver=3.30.0 → pending (?ms, ?B)
[2026-04-02T00:31:55.563Z] GET https://www.littlebridge.com/wp-content/plugins/elementor/assets/css/widget-video.min.css?ver=3.32.5 → pending (?ms, ?B)
[2026-04-02T00:31:55.563Z] GET https://www.littlebridge.com/wp-content/plugins/elementor/assets/lib/swiper/v8/css/swiper.min.css?ver=8.4.5 → pending (?ms, ?B)
[2026-04-02T00:31:55.563Z] GET https://www.littlebridge.com/wp-content/plugins/elementor/assets/css/conditionals/e-swiper.min.css?ver=3.32.5 → pending (?ms, ?B)
[2026-04-02T00:31:55.563Z] GET https://www.littlebridge.com/wp-content/plugins/elementor-pro/assets/css/widget-testimonial-carousel.min.css?ver=3.30.0 → pending (?ms, ?B)
[2026-04-02T00:31:55.563Z] GET https://www.littlebridge.com/wp-content/plugins/elementor-pro/assets/css/widget-carousel-module-base.min.css?ver=3.30.0 → pending (?ms, ?B)
[2026-04-02T00:31:55.563Z] GET https://www.littlebridge.com/wp-content/plugins/elementor-pro/assets/css/widget-media-carousel.min.css?ver=3.30.0 → pending (?ms, ?B)
[2026-04-02T00:31:55.563Z] GET https://www.littlebridge.com/wp-content/plugins/jet-elements/assets/css/jet-elements.css?ver=2.7.3 → pending (?ms, ?B)
[2026-04-02T00:31:55.563Z] GET https://www.littlebridge.com/wp-content/plugins/jet-elements/assets/css/addons/jet-posts.css?ver=2.7.3 → pending (?ms, ?B)
[2026-04-02T00:31:55.563Z] GET https://www.littlebridge.com/wp-content/plugins/jet-elements/assets/css/addons/jet-carousel.css?ver=2.7.3 → pending (?ms, ?B)
[2026-04-02T00:31:55.563Z] GET https://www.littlebridge.com/wp-content/plugins/jet-elements/assets/css/skin/jet-carousel.css?ver=2.7.3 → pending (?ms, ?B)
[2026-04-02T00:31:55.563Z] GET https://www.littlebridge.com/wp-content/uploads/elementor/css/post-1941.css?ver=1768476540 → pending (?ms, ?B)
[2026-04-02T00:31:55.563Z] GET https://www.littlebridge.com/wp-content/uploads/elementor/css/post-3858.css?ver=1768476528 → pending (?ms, ?B)
[2026-04-02T00:31:55.563Z] GET https://www.littlebridge.com/wp-content/uploads/elementor/css/post-1484.css?ver=1768476528 → pending (?ms, ?B)
[2026-04-02T00:31:55.563Z] GET https://www.littlebridge.com/wp-content/uploads/elementor/css/post-8338.css?ver=1768476529 → pending (?ms, ?B)
[2026-04-02T00:31:55.563Z] GET https://www.littlebridge.com/wp-content/plugins/gradient-button-for-elementor/assets/css/frontend.css?ver=1.0.11 → pending (?ms, ?B)
[2026-04-02T00:31:55.563Z] GET https://www.littlebridge.com/wp-content/plugins/ocean-extra/assets/css/widgets.css?ver=6.8.3 → pending (?ms, ?B)
[2026-04-02T00:31:55.563Z] GET https://www.littlebridge.com/wp-content/uploads/elementor/google-fonts/css/sourcesanspro.css?ver=1750154462 → pending (?ms, ?B)
[2026-04-02T00:31:55.563Z] GET https://www.littlebridge.com/wp-content/uploads/elementor/google-fonts/css/poppins.css?ver=1750154463 → pending (?ms, ?B)
[2026-04-02T00:31:55.563Z] GET https://www.littlebridge.com/wp-content/uploads/elementor/google-fonts/css/roboto.css?ver=1750154466 → pending (?ms, ?B)
[2026-04-02T00:31:55.563Z] GET https://www.littlebridge.com/wp-content/uploads/elementor/google-fonts/css/opensans.css?ver=1750154461 → pending (?ms, ?B)
[2026-04-02T00:31:55.563Z] GET https://www.littlebridge.com/wp-content/plugins/elementor/assets/lib/font-awesome/css/fontawesome.min.css?ver=5.15.3 → pending (?ms, ?B)
[2026-04-02T00:31:55.563Z] GET https://www.littlebridge.com/wp-content/plugins/elementor/assets/lib/font-awesome/css/solid.min.css?ver=5.15.3 → pending (?ms, ?B)
[2026-04-02T00:31:55.563Z] GET https://www.littlebridge.com/wp-content/plugins/elementor/assets/lib/font-awesome/css/regular.min.css?ver=5.15.3 → pending (?ms, ?B)
[2026-04-02T00:31:55.563Z] GET https://www.littlebridge.com/wp-content/plugins/elementor/assets/lib/font-awesome/css/brands.min.css?ver=5.15.3 → pending (?ms, ?B)
[2026-04-02T00:31:55.563Z] GET https://www.littlebridge.com/wp-content/plugins/cookie-notice/js/front.min.js?ver=2.5.11 → pending (?ms, ?B)
[2026-04-02T00:31:55.563Z] GET https://www.littlebridge.com/wp-content/plugins/sitepress-multilingual-cms/templates/language-switchers/legacy-dropdown/script.min.js?ver=1 → pending (?ms, ?B)
[2026-04-02T00:31:55.563Z] GET https://www.littlebridge.com/wp-includes/js/jquery/jquery.min.js?ver=3.7.1 → pending (?ms, ?B)
[2026-04-02T00:31:55.563Z] GET https://www.littlebridge.com/wp-includes/js/jquery/jquery-migrate.min.js?ver=3.4.1 → pending (?ms, ?B)
[2026-04-02T00:31:55.563Z] GET https://www.littlebridge.com/wp-content/plugins/elementor/assets/lib/font-awesome/js/v4-shims.min.js?ver=3.32.5 → pending (?ms, ?B)
[2026-04-02T00:31:55.563Z] GET https://www.googletagmanager.com/gtag/js?id=G-0FEB8G0SMC → pending (?ms, ?B)
[2026-04-02T00:31:55.564Z] GET blob:https://www.littlebridge.com/5e635f5f-4231-4e52-a1ef-1350f59547a3 → 200 (7ms, ?B)
[2026-04-02T00:31:56.011Z] GET https://js.hs-scripts.com/7643963.js → pending (?ms, ?B)
[2026-04-02T00:31:56.011Z] GET https://www.littlebridge.com/wp-content/uploads/elementor/css/post-7178.css?ver=1768476529 → pending (?ms, ?B)
[2026-04-02T00:31:56.011Z] GET https://www.littlebridge.com/wp-content/uploads/elementor/css/post-8620.css?ver=1768476529 → pending (?ms, ?B)
[2026-04-02T00:31:56.011Z] GET https://www.littlebridge.com/wp-includes/js/imagesloaded.min.js?ver=5.0.0 → pending (?ms, ?B)
[2026-04-02T00:31:56.011Z] GET https://www.littlebridge.com/wp-content/themes/oceanwp/assets/js/theme.min.js?ver=1.0 → pending (?ms, ?B)
[2026-04-02T00:31:56.011Z] GET https://www.littlebridge.com/wp-content/themes/oceanwp/assets/js/drop-down-mobile-menu.min.js?ver=1.0 → pending (?ms, ?B)
[2026-04-02T00:31:56.011Z] GET https://www.littlebridge.com/wp-content/themes/oceanwp/assets/js/drop-down-search.min.js?ver=1.0 → pending (?ms, ?B)
[2026-04-02T00:31:56.011Z] GET https://www.littlebridge.com/wp-content/themes/oceanwp/assets/js/vendors/magnific-popup.min.js?ver=1.0 → pending (?ms, ?B)
[2026-04-02T00:31:56.011Z] GET https://www.littlebridge.com/wp-content/themes/oceanwp/assets/js/ow-lightbox.min.js?ver=1.0 → pending (?ms, ?B)
[2026-04-02T00:31:56.011Z] GET https://www.littlebridge.com/wp-content/themes/oceanwp/assets/js/vendors/flickity.pkgd.min.js?ver=1.0 → pending (?ms, ?B)
[2026-04-02T00:31:56.011Z] GET https://www.littlebridge.com/wp-content/themes/oceanwp/assets/js/ow-slider.min.js?ver=1.0 → pending (?ms, ?B)
[2026-04-02T00:31:56.011Z] GET https://www.littlebridge.com/wp-content/themes/oceanwp/assets/js/scroll-effect.min.js?ver=1.0 → pending (?ms, ?B)
[2026-04-02T00:31:56.011Z] GET https://www.littlebridge.com/wp-content/themes/oceanwp/assets/js/scroll-top.min.js?ver=1.0 → pending (?ms, ?B)
[2026-04-02T00:31:56.011Z] GET https://www.littlebridge.com/wp-content/themes/oceanwp/assets/js/select.min.js?ver=1.0 → pending (?ms, ?B)
[2026-04-02T00:31:56.011Z] GET https://www.littlebridge.com/wp-content/plugins/elementor/assets/js/webpack.runtime.min.js?ver=3.32.5 → pending (?ms, ?B)
[2026-04-02T00:31:56.011Z] GET https://www.littlebridge.com/wp-content/plugins/elementor/assets/js/frontend-modules.min.js?ver=3.32.5 → pending (?ms, ?B)
[2026-04-02T00:31:56.011Z] GET https://www.littlebridge.com/wp-includes/js/jquery/ui/core.min.js?ver=1.13.3 → pending (?ms, ?B)
[2026-04-02T00:31:56.011Z] GET https://www.littlebridge.com/wp-content/plugins/elementor/assets/js/frontend.min.js?ver=3.32.5 → pending (?ms, ?B)
[2026-04-02T00:31:56.011Z] GET https://www.littlebridge.com/wp-content/plugins/elementor-pro/assets/lib/smartmenus/jquery.smartmenus.min.js?ver=1.2.1 → pending (?ms, ?B)
[2026-04-02T00:31:56.011Z] GET https://www.littlebridge.com/wp-content/plugins/elementor-pro/assets/lib/sticky/jquery.sticky.min.js?ver=3.30.0 → pending (?ms, ?B)
[2026-04-02T00:31:56.011Z] GET https://www.littlebridge.com/wp-content/plugins/elementor/assets/lib/swiper/v8/swiper.min.js?ver=8.4.5 → pending (?ms, ?B)
[2026-04-02T00:31:56.011Z] GET https://www.littlebridge.com/wp-content/plugins/jet-elements/assets/js/lib/slick/slick.min.js?ver=1.8.1 → pending (?ms, ?B)
[2026-04-02T00:31:56.011Z] GET https://www.littlebridge.com/wp-content/plugins/ocean-extra/includes/widgets/js/flickr.min.js?ver=6.8.3 → pending (?ms, ?B)
[2026-04-02T00:31:56.011Z] GET https://www.littlebridge.com/wp-content/plugins/elementor-pro/assets/js/webpack-pro.runtime.min.js?ver=3.30.0 → pending (?ms, ?B)
[2026-04-02T00:31:56.011Z] GET https://www.littlebridge.com/wp-includes/js/dist/hooks.min.js?ver=4d63a3d491d11ffd8ac6 → pending (?ms, ?B)
[2026-04-02T00:31:56.011Z] GET https://www.littlebridge.com/wp-includes/js/dist/i18n.min.js?ver=5e580eb46a90c2b997e6 → pending (?ms, ?B)
[2026-04-02T00:31:56.011Z] GET https://www.littlebridge.com/wp-content/plugins/elementor-pro/assets/js/frontend.min.js?ver=3.30.0 → pending (?ms, ?B)
[2026-04-02T00:31:56.011Z] GET https://www.littlebridge.com/wp-content/plugins/elementor-pro/assets/js/elements-handlers.min.js?ver=3.30.0 → pending (?ms, ?B)
[2026-04-02T00:31:56.011Z] GET https://www.littlebridge.com/wp-content/plugins/jet-blocks/assets/js/jet-blocks.min.js?ver=1.3.16 → pending (?ms, ?B)
[2026-04-02T00:31:56.011Z] GET https://www.littlebridge.com/wp-content/plugins/jet-elements/assets/js/jet-elements.min.js?ver=2.7.3 → pending (?ms, ?B)
[2026-04-02T00:31:56.012Z] GET https://www.littlebridge.com/wp-content/plugins/jet-tabs/assets/js/jet-tabs-frontend.min.js?ver=2.2.7 → pending (?ms, ?B)
[2026-04-02T00:31:56.012Z] GET https://www.littlebridge.com/wp-content/plugins/gradient-button-for-elementor/assets/js/frontend.min.js?ver=1.0.11 → pending (?ms, ?B)
[2026-04-02T00:31:56.012Z] GET https://www.littlebridge.com/wp-content/plugins/w3-total-cache/pub/js/lazyload.min.js → pending (?ms, ?B)
[2026-04-02T00:32:01.912Z] GET https://connect.facebook.net/en_US/fbevents.js → 200 (89ms, 365683B)
[2026-04-02T00:32:01.912Z] GET https://www.googletagmanager.com/gtm.js?id=GTM-5CQJXXK → pending (?ms, ?B)
[2026-04-02T00:32:01.986Z] GET https://www.littlebridge.com/wp-content/uploads/2021/02/AdobeStock_370984308.png → 200 (358ms, ?B)
[2026-04-02T00:32:01.986Z] GET https://www.littlebridge.com/wp-content/uploads/2021/02/VAGRounded-Light-Regular.ttf → pending (?ms, ?B)
[2026-04-02T00:32:01.986Z] GET https://www.littlebridge.com/wp-content/uploads/2021/02/VAG-Rounded-Bold.ttf → pending (?ms, ?B)
[2026-04-02T00:32:02.047Z] GET https://www.littlebridge.com/wp-content/uploads/elementor/google-fonts/fonts/sourcesanspro-6xk3dsbykcsv-lcoeqqfx1ryoo3qok7l.woff2 → pending (?ms, ?B)
[2026-04-02T00:32:02.048Z] GET https://www.littlebridge.com/wp-content/uploads/elementor/google-fonts/fonts/sourcesanspro-6xkydsbykcsv-lcoeqqfx1ryoo3i54rwlxdu.woff2 → pending (?ms, ?B)
[2026-04-02T00:32:02.048Z] GET https://www.littlebridge.com/wp-content/plugins/elementor/assets/lib/font-awesome/webfonts/fa-solid-900.woff2 → pending (?ms, ?B)
[2026-04-02T00:32:02.048Z] GET https://www.littlebridge.com/wp-content/uploads/elementor/google-fonts/fonts/roboto-kfo7cnqeu92fr1me7ksn66agldtyluama3yuba.woff2 → pending (?ms, ?B)
[2026-04-02T00:32:02.048Z] GET https://www.littlebridge.com/wp-content/plugins/elementor/assets/lib/font-awesome/webfonts/fa-regular-400.woff2 → pending (?ms, ?B)
[2026-04-02T00:32:02.095Z] GET https://connect.facebook.net/signals/config/377846833545269?v=2.9.289&r=stable&domain=www.littlebridge.com&hme=c676e0b4e1b62cc7b9a55179c96fc72f4b50ddb02e06525868e7052c2bcfa5eb&ex_m=102%2C198%2C147%2C22%2C70%2C71%2C139%2C66%2C65%2C11%2C155%2C88%2C16%2C132%2C124%2C37%2C73%2C76%2C130%2C152%2C157%2C8%2C4%2C5%2C7%2C6%2C3%2C89%2C99%2C158%2C163%2C212%2C60%2C179%2C180%2C53%2C267%2C30%2C72%2C224%2C223%2C222%2C23%2C32%2C101%2C59%2C10%2C61%2C95%2C96%2C97%2C103%2C127%2C31%2C29%2C129%2C126%2C125%2C148%2C74%2C151%2C149%2C150%2C48%2C58%2C120%2C15%2C154%2C43%2C254%2C255%2C253%2C26%2C27%2C28%2C46%2C140%2C75%2C110%2C18%2C20%2C42%2C38%2C40%2C39%2C81%2C90%2C94%2C108%2C138%2C141%2C44%2C109%2C24%2C21%2C116%2C67%2C35%2C143%2C142%2C144%2C135%2C133%2C25%2C34%2C57%2C107%2C153%2C68%2C17%2C145%2C112%2C79%2C64%2C19%2C83%2C84%2C113%2C82%2C33%2C283%2C205%2C194%2C195%2C193%2C286%2C278%2C50%2C206%2C105%2C128%2C78%2C118%2C52%2C45%2C47%2C111%2C117%2C123%2C56%2C62%2C51%2C54%2C98%2C156%2C1%2C121%2C14%2C119%2C12%2C2%2C55%2C91%2C63%2C115%2C87%2C86%2C159%2C160%2C92%2C93%2C9%2C122%2C100%2C49%2C136%2C85%2C77%2C69%2C114%2C104%2C41%2C137%2C0%2C80%2C131%2C134%2C146%2C36%2C106%2C13%2C161 → pending (?ms, ?B)
[2026-04-02T00:32:02.125Z] GET https://www.littlebridge.com/wp-includes/js/wp-emoji-release.min.js?ver=6.8.3 → pending (?ms, ?B)
[2026-04-02T00:32:02.143Z] GET https://www.littlebridge.com/wp-content/plugins/elementor/assets/lib/dialog/dialog.min.js?ver=4.9.3 → pending (?ms, ?B)
[2026-04-02T00:32:02.143Z] GET https://www.littlebridge.com/wp-content/plugins/elementor/assets/js/lightbox.408665be3d65f6ab17f0.bundle.min.js → pending (?ms, ?B)
[2026-04-02T00:32:02.143Z] GET https://www.littlebridge.com/wp-content/plugins/elementor/assets/css/conditionals/dialog.min.css?ver=3.32.5 → pending (?ms, ?B)
[2026-04-02T00:32:02.143Z] GET https://www.littlebridge.com/wp-content/plugins/elementor/assets/lib/share-link/share-link.min.js?ver=3.32.5 → pending (?ms, ?B)
[2026-04-02T00:32:02.143Z] GET https://www.littlebridge.com/wp-content/plugins/elementor/assets/css/conditionals/lightbox.min.css?ver=3.32.5 → pending (?ms, ?B)
[2026-04-02T00:32:02.160Z] GET https://www.littlebridge.com/wp-content/plugins/elementor/assets/js/section-frontend-handlers.d85ab872da118940910d.bundle.min.js → pending (?ms, ?B)
[2026-04-02T00:32:02.160Z] GET https://www.littlebridge.com/wp-content/plugins/elementor/assets/js/shared-frontend-handlers.4c8abccc3e268b0767b2.bundle.min.js → pending (?ms, ?B)
[2026-04-02T00:32:02.162Z] GET https://www.littlebridge.com/wp-content/plugins/elementor-pro/assets/js/nav-menu.a23fbd67486c5bedf26c.bundle.min.js → pending (?ms, ?B)
[2026-04-02T00:32:02.194Z] GET https://www.littlebridge.com/wp-content/plugins/elementor/assets/js/text-editor.abc8f59c62f2820dc25a.bundle.min.js → pending (?ms, ?B)
[2026-04-02T00:32:02.200Z] GET https://www.littlebridge.com/wp-content/plugins/elementor/assets/js/video.87291d1f5076f8939c18.bundle.min.js → pending (?ms, ?B)
[2026-04-02T00:32:02.204Z] GET https://www.littlebridge.com/wp-content/plugins/elementor-pro/assets/js/carousel.3620fca501cb18163600.bundle.min.js → pending (?ms, ?B)
[2026-04-02T00:32:02.214Z] GET https://www.littlebridge.com/wp-content/plugins/elementor-pro/assets/js/media-carousel.afbaabb756a7c18ddb09.bundle.min.js → pending (?ms, ?B)
[2026-04-02T00:32:02.245Z] GET https://www.littlebridge.com/wp-content/plugins/elementor/assets/lib/eicons/fonts/eicons.woff2?5.44.0 → pending (?ms, ?B)
[2026-04-02T00:32:02.254Z] GET https://www.littlebridge.com/wp-content/plugins/elementor-pro/assets/js/form.5fb35271b8ba3fb1e7d6.bundle.min.js → pending (?ms, ?B)
[2026-04-02T00:32:02.254Z] GET https://www.littlebridge.com/wp-content/plugins/elementor-pro/assets/js/popup.f7b15b2ca565b152bf98.bundle.min.js → pending (?ms, ?B)
[2026-04-02T00:32:02.264Z] GET https://www.littlebridge.com/wp-content/plugins/elementor/assets/js/toggle.f7afe5f9f0f912b34b22.bundle.min.js → pending (?ms, ?B)
[2026-04-02T00:32:02.317Z] GET https://www.littlebridge.com/wp-content/uploads/2021/04/cropped-logo-orange-text-trans-background-1024x555-1.png → pending (?ms, ?B)
[2026-04-02T00:32:02.561Z] POST https://www.google-analytics.com/g/collect?v=2&tid=G-0FEB8G0SMC&gtm=45je6410h2v882540746za200zd882540746&_p=1775089921901&gcd=13l3l3l3l1l1&npa=0&dma=0&gdid=dZTNiMT&cid=1933672205.1775089923&ul=zh-cn&sr=1280x720&uaa=x86&uab=64&uafvl=Not%253AA-Brand%3B99.0.0.0%7CHeadlessChrome%3B145.0.7632.6%7CChromium%3B145.0.7632.6&uamb=0&uam=&uap=Windows&uapv=10.0.0&uaw=0&are=1&frm=0&pscdl=noapi&_s=1&tag_exp=0~115938465~115938468~116991817~117266402~117384406&sid=1775089922&sct=1&seg=0&dl=https%3A%2F%2Fwww.littlebridge.com%2F&dt=Welcome%20to%20Little%20Bridge%20%7C%20Make%20friends%20and%20learn%20English%20today.&en=page_view&_fv=1&_nsi=1&_ss=1&_ee=1&tfd=10453 → 204 (163ms, ?B)
[2026-04-02T00:32:02.614Z] POST https://www.google.com/ccm/collect?frm=0&ae=g&en=page_view&dl=https%3A%2F%2Fwww.littlebridge.com%2F&scrsrc=www.googletagmanager.com&rnd=1475031014.1775089923&dt=Welcome%20to%20Little%20Bridge%20%7C%20Make%20friends%20and%20learn%20English%20today.&auid=234340894.1775089923&navt=n&npa=0&ep.ads_data_redaction=0&gtm=45He63v0h1v848067686za200zd848067686xea&gcd=13l3l3l3l1l1&dma=0&tag_exp=0~115938465~115938469~116991817~117266402~118328121&apve=1&apvf=f&apvc=1&tft=1775089922611&tfd=10506 → 200 (198ms, ?B)
[2026-04-02T00:32:03.093Z] GET https://js.hs-banner.com/v2/7643963/banner.js → pending (?ms, ?B)
[2026-04-02T00:32:03.094Z] GET https://js.hsadspixel.net/pixels.js → pending (?ms, ?B)
[2026-04-02T00:32:03.094Z] GET https://js.hscollectedforms.net/collectedforms.js → pending (?ms, ?B)
[2026-04-02T00:32:03.094Z] GET https://js.hs-analytics.net/analytics/1775089800000/7643963.js → pending (?ms, ?B)
[2026-04-02T00:32:04.780Z] GET https://api.hubapi.com/hs-script-loader-public/v2/config/pixels-and-events/json?portalId=7643963 → pending (?ms, ?B)
[2026-04-02T00:32:04.827Z] GET https://track.hubspot.com/__ptq.gif?k=1&sd=1280x720&cd=24-bit&cs=UTF-8&ln=zh-cn&bfp=472fb7e4a09bab228beab3a8e29c3b86&v=1.1&a=7643963&rcu=https%3A%2F%2Fwww.littlebridge.com%2F&pu=https%3A%2F%2Fwww.littlebridge.com%2F&t=Welcome+to+Little+Bridge+%7C+Make+friends+and+learn+English+today.&cts=1775089924826&vi=96ab41ab5fd54af50bb11111af414e4d&nc=true&u=198242224.96ab41ab5fd54af50bb11111af414e4d.1775089924823.1775089924823.1775089924823.1&b=198242224.1.1775089924823&cc=15 → pending (?ms, ?B)
[2026-04-02T00:32:04.831Z] GET https://forms.hscollectedforms.net/collected-forms/v1/config/json?portalId=7643963&utk=96ab41ab5fd54af50bb11111af414e4d → pending (?ms, ?B)
[2026-04-02T00:32:05.869Z] GET https://www.googletagmanager.com/gtag/js?id=AW-10850058628 → 200 (408ms, 388229B)
[2026-04-02T00:32:05.869Z] GET https://www.googletagmanager.com/gtag/js?id=AW-10850058628&cx=c&gtm=4e6410h2 → 200 (472ms, 388522B)
[2026-04-02T00:32:06.118Z] GET https://forms.hsforms.com/embed/v3/counters.gif?key=collected-forms-embed-js-form-bind&count=2 → pending (?ms, ?B)
[2026-04-02T00:32:06.312Z] GET https://googleads.g.doubleclick.net/pagead/viewthroughconversion/10850058628/?random=1775089926295&cv=11&fst=1775089926295&bg=ffffff&guid=ON&async=1&en=gtag.config&gtm=45be63v0za200zb882540746zd882540746xec&gcd=13l3l3l3l1l1&dma=0&tag_exp=0~115938465~115938468~116991817~117266401&u_w=1280&u_h=720&url=https%3A%2F%2Fwww.littlebridge.com%2F&frm=0&tiba=Welcome%20to%20Little%20Bridge%20%7C%20Make%20friends%20and%20learn%20English%20today.&did=dZTNiMT%2CdZTQ1Zm&gdid=dZTNiMT.dZTQ1Zm&hn=www.googleadservices.com&npa=0&pscdl=noapi&auid=234340894.1775089923&uaa=x86&uab=64&uafvl=Not%253AA-Brand%3B99.0.0.0%7CHeadlessChrome%3B145.0.7632.6%7CChromium%3B145.0.7632.6&uamb=0&uam=&uap=Windows&uapv=10.0.0&uaw=0&data=event%3Dgtag.config&rfmt=3&fmt=4 → 200 (156ms, 43B)
[2026-04-02T00:32:06.312Z] POST https://www.google.com/ccm/collect?frm=0&en=page_view&dl=https%3A%2F%2Fwww.littlebridge.com%2F&scrsrc=www.googletagmanager.com&rnd=1475031014.1775089923&dt=Welcome%20to%20Little%20Bridge%20%7C%20Make%20friends%20and%20learn%20English%20today.&auid=234340894.1775089923&navt=n&npa=0&did=dZTNiMT%2CdZTQ1Zm&gdid=dZTNiMT.dZTQ1Zm&gtm=45be63v0za200zb882540746zd882540746xec&gcd=13l3l3l3l1l1&dma=0&tag_exp=0~115938465~115938468~116991817~117266401&apve=1&apvf=f&apvc=0&tids=AW-10850058628&tid=AW-10850058628&tft=1775089926311&tfd=14206 → pending (?ms, ?B)
[2026-04-02T00:32:07.625Z] POST https://www.google-analytics.com/g/collect?v=2&tid=G-0FEB8G0SMC&gtm=45je6410h2v882540746z8848067686za200zd882540746&_p=1775089921901&gcd=13l3l3l3l1l1&npa=0&dma=0&gdid=dZTNiMT&cid=1933672205.1775089923&ul=zh-cn&sr=1280x720&uaa=x86&uab=64&uafvl=Not%253AA-Brand%3B99.0.0.0%7CHeadlessChrome%3B145.0.7632.6%7CChromium%3B145.0.7632.6&uamb=0&uam=&uap=Windows&uapv=10.0.0&uaw=0&are=1&frm=0&pscdl=noapi&_eu=AAACAAQ&_s=2&tag_exp=0~115938465~115938468~116991817~117266402~117384406&sid=1775089922&sct=1&seg=1&dl=https%3A%2F%2Fwww.littlebridge.com%2F&dt=Welcome%20to%20Little%20Bridge%20%7C%20Make%20friends%20and%20learn%20English%20today.&en=page_view&_et=59&tfd=15519 → 204 (171ms, ?B)
[2026-04-02T00:32:22.362Z] GET https://www.babysparks.com/ → pending (?ms, ?B)
[2026-04-02T00:32:25.157Z] GET https://www.kinedu.com/ → pending (?ms, ?B)
[2026-04-02T00:32:27.219Z] GET https://fonts.googleapis.com/css2?family=Inter:wght@300;400;500;600;700;800;900&family=Plus+Jakarta+Sans:wght@400;500;600;700;800&display=swap → 200 (161ms, 25657B)
[2026-04-02T00:32:27.219Z] GET https://www.kinedu.com/styles.css → 200 (344ms, ?B)
[2026-04-02T00:32:27.219Z] GET https://www.kinedu.com/logo%20kinedu.png → pending (?ms, ?B)
[2026-04-02T00:32:27.219Z] GET https://www.kinedu.com/EN/desktop.png → pending (?ms, ?B)
[2026-04-02T00:32:27.219Z] GET https://www.kinedu.com/translations.js → pending (?ms, ?B)
[2026-04-02T00:32:27.219Z] GET https://www.kinedu.com/script.js → pending (?ms, ?B)
[2026-04-02T00:32:27.703Z] GET https://fonts.gstatic.com/s/inter/v20/UcC73FwrK3iLTeHuS_nVMrMxCp50SjIa1ZL7.woff2 → 200 (649ms, 48256B)
[2026-04-02T00:32:27.703Z] GET https://fonts.gstatic.com/s/plusjakartasans/v12/LDIoaomQNQcsA88c7O9yZ4KMCoOg4Ko20yw.woff2 → 200 (709ms, 27348B)
[2026-04-02T00:32:27.703Z] GET https://www.kinedu.com/Features/stores/app-store-badge-final.png → 200 (731ms, ?B)
[2026-04-02T00:32:27.703Z] GET https://www.kinedu.com/Features/stores/Google_Play_Store_badge_EN.svg.webp → 200 (915ms, 12500B)
[2026-04-02T00:32:27.703Z] GET https://www.kinedu.com/Features/EN/TAP%20EN.png → 200 (838ms, ?B)
[2026-04-02T00:32:27.703Z] GET https://www.kinedu.com/Features/EN/Calendar%20EN.png → pending (?ms, ?B)
[2026-04-02T00:32:27.703Z] GET https://www.kinedu.com/Features/EN/Milestones%20EN.png → pending (?ms, ?B)
[2026-04-02T00:32:27.703Z] GET https://www.kinedu.com/Features/EN/Report%20EN.png → pending (?ms, ?B)
[2026-04-02T00:32:27.703Z] GET https://www.kinedu.com/Features/EN/Tracker%20EN.png → pending (?ms, ?B)
[2026-04-02T00:32:28.437Z] POST https://www.kinedu.com/api/track → pending (?ms, ?B)
